Component: ARM Compiler 5.05 update 1 (build 106) Tool: armlink [4d0efa]

==============================================================================

Section Cross References

    startup_stm32f40_41xxx.o(STACK) refers (Special) to heapauxi.o(.text) for __use_two_region_memory
    startup_stm32f40_41xxx.o(HEAP) refers (Special) to heapauxi.o(.text) for __use_two_region_memory
    startup_stm32f40_41xxx.o(RESET) refers (Special) to heapauxi.o(.text) for __use_two_region_memory
    startup_stm32f40_41xxx.o(RESET) refers to startup_stm32f40_41xxx.o(STACK) for __initial_sp
    startup_stm32f40_41xxx.o(RESET) refers to startup_stm32f40_41xxx.o(.text) for Reset_Handler
    startup_stm32f40_41xxx.o(RESET) refers to usart.o(i.USART1_IRQHandler) for USART1_IRQHandler
    startup_stm32f40_41xxx.o(.text) refers (Special) to heapauxi.o(.text) for __use_two_region_memory
    startup_stm32f40_41xxx.o(.text) refers to __main.o(!!!main) for __main
    startup_stm32f40_41xxx.o(.text) refers to startup_stm32f40_41xxx.o(HEAP) for Heap_Mem
    startup_stm32f40_41xxx.o(.text) refers to startup_stm32f40_41xxx.o(STACK) for Stack_Mem
    test.o(i.AHRSupdate) refers to test.o(i.invSqrt) for invSqrt
    test.o(i.AHRSupdate) refers to f2d.o(x$fpl$f2d) for __aeabi_f2d
    test.o(i.AHRSupdate) refers to daddsub_clz.o(x$fpl$drsb) for __aeabi_drsub
    test.o(i.AHRSupdate) refers to daddsub_clz.o(x$fpl$dsub) for __aeabi_dsub
    test.o(i.AHRSupdate) refers to dmul.o(x$fpl$dmul) for __aeabi_dmul
    test.o(i.AHRSupdate) refers to daddsub_clz.o(x$fpl$dadd) for __aeabi_dadd
    test.o(i.AHRSupdate) refers to d2f.o(x$fpl$d2f) for __aeabi_d2f
    test.o(i.AHRSupdate) refers to test.o(.data) for q0
    test.o(i.AHRSupdate) refers to sqrt.o(i.__hardfp_sqrt) for __hardfp_sqrt
    test.o(i.AHRSupdate) refers to asin.o(i.__hardfp_asin) for __hardfp_asin
    test.o(i.AHRSupdate) refers to atan2.o(i.__hardfp_atan2) for __hardfp_atan2
    test.o(i.CalYaw) refers to f2d.o(x$fpl$f2d) for __aeabi_f2d
    test.o(i.CalYaw) refers to dflt_clz.o(x$fpl$dflt) for __aeabi_i2d
    test.o(i.CalYaw) refers to dmul.o(x$fpl$dmul) for __aeabi_dmul
    test.o(i.CalYaw) refers to daddsub_clz.o(x$fpl$dadd) for __aeabi_dadd
    test.o(i.CalYaw) refers to d2f.o(x$fpl$d2f) for __aeabi_d2f
    test.o(i.CalibrateToZero) refers to mpu9250.o(i.MPU_Get_Gyro) for MPU_Get_Gyro
    test.o(i.CalibrateToZero) refers to mpu9250.o(i.MPU_Get_Accel) for MPU_Get_Accel
    test.o(i.CalibrateToZero) refers to mpu9250.o(i.MPU_Get_Mag) for MPU_Get_Mag
    test.o(i.CalibrateToZero) refers to test.o(i.AHRSupdate) for AHRSupdate
    test.o(i.CalibrateToZero) refers to delay.o(i.delay_us) for delay_us
    test.o(i.CalibrateToZero) refers to test.o(.data) for pitchoffset
    test.o(i.main) refers to _printf_percent.o(.ARM.Collect$$_printf_percent$$00000000) for _printf_percent
    test.o(i.main) refers to _printf_f.o(.ARM.Collect$$_printf_percent$$00000003) for _printf_f
    test.o(i.main) refers to printf1.o(x$fpl$printf1) for _printf_fp_dec
    test.o(i.main) refers to sys.o(i.Stm32_Clock_Init) for Stm32_Clock_Init
    test.o(i.main) refers to delay.o(i.delay_init) for delay_init
    test.o(i.main) refers to usart.o(i.uart_init) for uart_init
    test.o(i.main) refers to mpu9250.o(i.MPU_Init) for MPU_Init
    test.o(i.main) refers to noretval__2printf.o(.text) for __2printf
    test.o(i.main) refers to delay.o(i.delay_ms) for delay_ms
    test.o(i.main) refers to test.o(i.CalibrateToZero) for CalibrateToZero
    test.o(i.main) refers to mpu9250.o(i.MPU_Get_Gyro) for MPU_Get_Gyro
    test.o(i.main) refers to mpu9250.o(i.MPU_Get_Accel) for MPU_Get_Accel
    test.o(i.main) refers to mpu9250.o(i.MPU_Get_Mag) for MPU_Get_Mag
    test.o(i.main) refers to test.o(i.AHRSupdate) for AHRSupdate
    test.o(i.main) refers to test.o(i.CountTurns) for CountTurns
    test.o(i.main) refers to test.o(i.CalYaw) for CalYaw
    test.o(i.main) refers to f2d.o(x$fpl$f2d) for __aeabi_f2d
    test.o(i.main) refers to delay.o(i.delay_us) for delay_us
    test.o(i.main) refers to test.o(.data) for newdata
    delay.o(i.delay_init) refers to delay.o(.data) for fac_us
    delay.o(i.delay_ms) refers to delay.o(i.delay_xms) for delay_xms
    delay.o(i.delay_us) refers to delay.o(.data) for fac_us
    delay.o(i.delay_xms) refers to delay.o(.data) for fac_ms
    sys.o(i.MY_NVIC_Init) refers to sys.o(i.MY_NVIC_PriorityGroupConfig) for MY_NVIC_PriorityGroupConfig
    sys.o(i.Stm32_Clock_Init) refers to sys.o(i.Sys_Clock_Set) for Sys_Clock_Set
    sys.o(i.Stm32_Clock_Init) refers to sys.o(i.MY_NVIC_SetVectorTable) for MY_NVIC_SetVectorTable
    sys.o(i.Sys_Standby) refers to sys.o(i.WFI_SET) for WFI_SET
    usart.o(.rev16_text) refers (Special) to use_no_semi_2.o(.text) for __use_no_semihosting
    usart.o(.revsh_text) refers (Special) to use_no_semi_2.o(.text) for __use_no_semihosting
    usart.o(i.USART1_IRQHandler) refers (Special) to use_no_semi_2.o(.text) for __use_no_semihosting
[...]
    ../clib/bigflt.c                         0x00000000   Number         0  bigflt0.o ABSOLUTE
    ../clib/btod.s                           0x00000000   Number         0  btod.o ABSOLUTE
    ../clib/fenv.c                           0x00000000   Number         0  _rserrno.o ABSOLUTE
    ../clib/heapalloc.c                      0x00000000   Number         0  hrguard.o ABSOLUTE
    ../clib/heapaux.c                        0x00000000   Number         0  heapauxi.o ABSOLUTE
    ../clib/libinit.s                        0x00000000   Number         0  libshutdown.o ABSOLUTE
    ../clib/libinit.s                        0x00000000   Number         0  libinit.o ABSOLUTE
    ../clib/libinit.s                        0x00000000   Number         0  libinit2.o ABSOLUTE
    ../clib/libinit.s                        0x00000000   Number         0  libshutdown2.o ABSOLUTE
    ../clib/locale.s                         0x00000000   Number         0  lc_numeric_c.o ABSOLUTE
    ../clib/longlong.s                       0x00000000   Number         0  lludiv10.o ABSOLUTE
    ../clib/memcpset.s                       0x00000000   Number         0  strcmpv7m.o ABSOLUTE
    ../clib/misc.s                           0x00000000   Number         0  printf_stubs.o ABSOLUTE
    ../clib/printf.c                         0x00000000   Number         0  __printf_flags_wp.o ABSOLUTE
    ../clib/printf.c                         0x00000000   Number         0  __printf_flags_ss_wp.o ABSOLUTE
    ../clib/printf.c                         0x00000000   Number         0  __printf.o ABSOLUTE
    ../clib/printf.c                         0x00000000   Number         0  __printf_ss.o ABSOLUTE
    ../clib/printf.c                         0x00000000   Number         0  __printf_flags_ss.o ABSOLUTE
    ../clib/printf.c                         0x00000000   Number         0  __printf_ss_wp.o ABSOLUTE
    ../clib/printf.c                         0x00000000   Number         0  __printf_wp.o ABSOLUTE
    ../clib/printf.c                         0x00000000   Number         0  _printf_char_file.o ABSOLUTE
    ../clib/printf.c                         0x00000000   Number         0  __printf_flags.o ABSOLUTE
    ../clib/printf.c                         0x00000000   Number         0  __printf_nopercent.o ABSOLUTE
    ../clib/printf.c                         0x00000000   Number         0  _printf_fp_dec.o ABSOLUTE
    ../clib/printf.c                         0x00000000   Number         0  __2printf.o ABSOLUTE
    ../clib/printf.c                         0x00000000   Number         0  noretval__2printf.o ABSOLUTE
    ../clib/printf.c                         0x00000000   Number         0  _printf_fp_infnan.o ABSOLUTE
    ../clib/printf.c                         0x00000000   Number         0  _printf_char_common.o ABSOLUTE
    ../clib/printf_percent.s                 0x00000000   Number         0  _printf_percent_end.o ABSOLUTE
    ../clib/printf_percent.s                 0x00000000   Number         0  _printf_percent.o ABSOLUTE
    ../clib/printf_percent.s                 0x00000000   Number         0  _printf_f.o ABSOLUTE
    ../clib/signal.c                         0x00000000   Number         0  defsig_general.o ABSOLUTE
    ../clib/signal.c                         0x00000000   Number         0  defsig_abrt_inner.o ABSOLUTE
    ../clib/signal.c                         0x00000000   Number         0  defsig_fpe_inner.o ABSOLUTE
    ../clib/signal.c                         0x00000000   Number         0  defsig_rtmem_outer.o ABSOLUTE
    ../clib/signal.c                         0x00000000   Number         0  defsig_rtred_inner.o ABSOLUTE
    ../clib/signal.c                         0x00000000   Number         0  defsig_stak_inner.o ABSOLUTE
    ../clib/signal.c                         0x00000000   Number         0  defsig_rtmem_formal.o ABSOLUTE
    ../clib/signal.c                         0x00000000   Number         0  defsig_pvfn_inner.o ABSOLUTE
    ../clib/signal.c                         0x00000000   Number         0  defsig_exit.o ABSOLUTE
    ../clib/signal.c                         0x00000000   Number         0  defsig_cppl_inner.o ABSOLUTE
    ../clib/signal.c                         0x00000000   Number         0  defsig_segv_inner.o ABSOLUTE
    ../clib/signal.c                         0x00000000   Number         0  defsig_other.o ABSOLUTE
    ../clib/signal.c                         0x00000000   Number         0  defsig_rtmem_inner.o ABSOLUTE
    ../clib/signal.c                         0x00000000   Number         0  __raise.o ABSOLUTE
    ../clib/signal.s                         0x00000000   Number         0  defsig.o ABSOLUTE
    ../clib/stdio.c                          0x00000000   Number         0  ferror.o ABSOLUTE
    ../clib/stdio.c                          0x00000000   Number         0  ferror_locked.o ABSOLUTE
    ../clib/stdlib.c                         0x00000000   Number         0  exit.o ABSOLUTE
    ../fplib/basic.s                         0x00000000   Number         0  basic.o ABSOLUTE
    ../fplib/d2f.s                           0x00000000   Number         0  d2f.o ABSOLUTE
    ../fplib/daddsub.s                       0x00000000   Number         0  daddsub_clz.o ABSOLUTE
    ../fplib/dcmpi.s                         0x00000000   Number         0  dcmpi.o ABSOLUTE
    ../fplib/ddiv.s                          0x00000000   Number         0  ddiv.o ABSOLUTE
    ../fplib/dfix.s                          0x00000000   Number         0  dfix.o ABSOLUTE
    ../fplib/dflt.s                          0x00000000   Number         0  dflt_clz.o ABSOLUTE
    ../fplib/dleqf.s                         0x00000000   Number         0  dleqf.o ABSOLUTE
    ../fplib/dmul.s                          0x00000000   Number         0  dmul.o ABSOLUTE
    ../fplib/dnaninf.s                       0x00000000   Number         0  dnaninf.o ABSOLUTE
    ../fplib/dretinf.s                       0x00000000   Number         0  dretinf.o ABSOLUTE
    ../fplib/dsqrt.s                         0x00000000   Number         0  dsqrt_umaal.o ABSOLUTE
    ../fplib/f2d.s                           0x00000000   Number         0  f2d.o ABSOLUTE
    ../fplib/fnaninf.s                       0x00000000   Number         0  fnaninf.o ABSOLUTE
    ../fplib/fpinit.s                        0x00000000   Number         0  fpinit.o ABSOLUTE
    ../fplib/fretinf.s                       0x00000000   Number         0  fretinf.o ABSOLUTE
    ../fplib/istatus.s                       0x00000000   Number         0  istatus.o ABSOLUTE
    ../fplib/printf1.s                       0x00000000   Number         0  printf1.o ABSOLUTE
    ../fplib/usenofp.s                       0x00000000   Number         0  usenofp.o ABSOLUTE
    ../mathlib/asin.c                        0x00000000   Number         0  asin_x.o ABSOLUTE
    ../mathlib/asin.c                        0x00000000   Number         0  asin.o ABSOLUTE
    ../mathlib/atan.c                        0x00000000   Number         0  atan.o ABSOLUTE
    ../mathlib/atan.c                        0x00000000   Number         0  atan_x.o ABSOLUTE
    ../mathlib/atan2.c                       0x00000000   Number         0  atan2.o ABSOLUTE
    ../mathlib/atan2.c                       0x00000000   Number         0  atan2_x.o ABSOLUTE
    ../mathlib/dunder.c                      0x00000000   Number         0  dunder.o ABSOLUTE
    ../mathlib/fabs.c                        0x00000000   Number         0  fabs.o ABSOLUTE
    ../mathlib/fpclassify.c                  0x00000000   Number         0  fpclassify.o ABSOLUTE
    ../mathlib/poly.c                        0x00000000   Number         0  poly.o ABSOLUTE
    ../mathlib/qnan.c                        0x00000000   Number         0  qnan.o ABSOLUTE
    ../mathlib/sqrt.c                        0x00000000   Number         0  sqrt_x.o ABSOLUTE
    ../mathlib/sqrt.c                        0x00000000   Number         0  sqrt.o ABSOLUTE
    ..\HARDWARE\mpu9250.c                    0x00000000   Number         0  mpu9250.o ABSOLUTE
    ..\HARDWARE\myiic.c                      0x00000000   Number         0  myiic.o ABSOLUTE
    ..\SYSTEM\delay\delay.c                  0x00000000   Number         0  delay.o ABSOLUTE
    ..\SYSTEM\sys\sys.c                      0x00000000   Number         0  sys.o ABSOLUTE
    ..\SYSTEM\usart\usart.c                  0x00000000   Number         0  usart.o ABSOLUTE
    ..\\HARDWARE\\mpu9250.c                  0x00000000   Number         0  mpu9250.o ABSOLUTE
    ..\\HARDWARE\\myiic.c                    0x00000000   Number         0  myiic.o ABSOLUTE
    ..\\SYSTEM\\delay\\delay.c               0x00000000   Number         0  delay.o ABSOLUTE
    ..\\SYSTEM\\sys\\sys.c                   0x00000000   Number         0  sys.o ABSOLUTE
    ..\\SYSTEM\\usart\\usart.c               0x00000000   Number         0  usart.o ABSOLUTE
    dc.s                                     0x00000000   Number         0  dc.o ABSOLUTE
    startup_stm32f40_41xxx.s                 0x00000000   Number         0  startup_stm32f40_41xxx.o ABSOLUTE
    test.c                                   0x00000000   Number         0  test.o ABSOLUTE
    test.c                                   0x00000000   Number         0  test.o ABSOLUTE
    RESET                                    0x08000000   Section      392  startup_stm32f40_41xxx.o(RESET)
    !!!main                                  0x08000188   Section        8  __main.o(!!!main)
    !!!scatter                               0x08000190   Section       52  __scatter.o(!!!scatter)
    !!handler_copy                           0x080001c4   Section       26  __scatter_copy.o(!!handler_copy)
    !!handler_zi                             0x080001e0   Section       28  __scatter_zi.o(!!handler_zi)
    .ARM.Collect$$_printf_percent$$00000000  0x080001fc   Section        0  _printf_percent.o(.ARM.Collect$$_printf_percent$$00000000)
    .ARM.Collect$$_printf_percent$$00000003  0x080001fc   Section        6  _printf_f.o(.ARM.Collect$$_printf_percent$$00000003)
    .ARM.Collect$$_printf_percent$$00000017  0x08000202   Section        4  _printf_percent_end.o(.ARM.Collect$$_printf_percent$$00000017)
    .ARM.Collect$$libinit$$00000000          0x08000206   Section        2  libinit.o(.ARM.Collect$$libinit$$00000000)
    .ARM.Collect$$libinit$$00000001          0x08000208   Section        4  libinit2.o(.ARM.Collect$$libinit$$00000001)
    .ARM.Collect$$libinit$$00000004          0x0800020c   Section        0  libinit2.o(.ARM.Collect$$libinit$$00000004)
    .ARM.Collect$$libinit$$0000000A          0x0800020c   Section        0  libinit2.o(.ARM.Collect$$libinit$$0000000A)
    .ARM.Collect$$libinit$$0000000C          0x0800020c   Section        0  libinit2.o(.ARM.Collect$$libinit$$0000000C)
    .ARM.Collect$$libinit$$0000000E          0x0800020c   Section        0  libinit2.o(.ARM.Collect$$libinit$$0000000E)
    .ARM.Collect$$libinit$$0000000F          0x0800020c   Section        6  libinit2.o(.ARM.Collect$$libinit$$0000000F)
    .ARM.Collect$$libinit$$00000011          0x08000212   Section        0  libinit2.o(.ARM.Collect$$libinit$$00000011)
    .ARM.Collect$$libinit$$00000013          0x08000212   Section        0  libinit2.o(.ARM.Collect$$libinit$$00000013)
    .ARM.Collect$$libinit$$00000015          0x08000212   Section        0  libinit2.o(.ARM.Collect$$libinit$$00000015)
    .ARM.Collect$$libinit$$00000016          0x08000212   Section       10  libinit2.o(.ARM.Collect$$libinit$$00000016)
    .ARM.Collect$$libinit$$00000017          0x0800021c   Section        0  libinit2.o(.ARM.Collect$$libinit$$00000017)
    .ARM.Collect$$libinit$$00000019          0x0800021c   Section        0  libinit2.o(.ARM.Collect$$libinit$$00000019)
    .ARM.Collect$$libinit$$0000001B          0x0800021c   Section        0  libinit2.o(.ARM.Collect$$libinit$$0000001B)
    .ARM.Collect$$libinit$$0000001D          0x0800021c   Section        0  libinit2.o(.ARM.Collect$$libinit$$0000001D)
    .ARM.Collect$$libinit$$0000001F          0x0800021c   Section        0  libinit2.o(.ARM.Collect$$libinit$$0000001F)
    .ARM.Collect$$libinit$$00000021          0x0800021c   Section        0  libinit2.o(.ARM.Collect$$libinit$$00000021)
    .ARM.Collect$$libinit$$00000023          0x0800021c   Section        0  libinit2.o(.ARM.Collect$$libinit$$00000023)
    .ARM.Collect$$libinit$$00000025          0x0800021c   Section        0  libinit2.o(.ARM.Collect$$libinit$$00000025)
    .ARM.Collect$$libinit$$0000002C          0x0800021c   Section        0  libinit2.o(.ARM.Collect$$libinit$$0000002C)
    .ARM.Collect$$libinit$$0000002E          0x0800021c   Section        0  libinit2.o(.ARM.Collect$$libinit$$0000002E)
    .ARM.Collect$$libinit$$00000030          0x0800021c   Section        0  libinit2.o(.ARM.Collect$$libinit$$00000030)
    .ARM.Collect$$libinit$$00000032          0x0800021c   Section        0  libinit2.o(.ARM.Collect$$libinit$$00000032)
    .ARM.Collect$$libinit$$00000033          0x0800021c   Section        2  libinit2.o(.ARM.Collect$$libinit$$00000033)
    .ARM.Collect$$libshutdown$$00000000      0x0800021e   Section        2  libshutdown.o(.ARM.Collect$$libshutdown$$00000000)
    .ARM.Collect$$libshutdown$$00000003      0x08000220   Section        0  libshutdown2.o(.ARM.Collect$$libshutdown$$00000003)
    .ARM.Collect$$libshutdown$$00000006      0x08000220   Section        0  libshutdown2.o(.ARM.Collect$$libshutdown$$00000006)
    .ARM.Collect$$libshutdown$$00000009      0x08000220   Section        0  libshutdown2.o(.ARM.Collect$$libshutdown$$00000009)
    .ARM.Collect$$libshutdown$$0000000B      0x08000220   Section        0  libshutdown2.o(.ARM.Collect$$libshutdown$$0000000B)
    .ARM.Collect$$libshutdown$$0000000E      0x08000220   Section        0  libshutdown2.o(.ARM.Collect$$libshutdown$$0000000E)
    .ARM.Collect$$libshutdown$$0000000F      0x08000220   Section        2  libshutdown2.o(.ARM.Collect$$libshutdown$$0000000F)
    .ARM.Collect$$rtentry$$00000000          0x08000222   Section        0  __rtentry.o(.ARM.Collect$$rtentry$$00000000)
    .ARM.Collect$$rtentry$$00000002          0x08000222   Section        0  __rtentry2.o(.ARM.Collect$$rtentry$$00000002)
    .ARM.Collect$$rtentry$$00000004          0x08000222   Section        6  __rtentry4.o(.ARM.Collect$$rtentry$$00000004)
    .ARM.Collect$$rtentry$$00000009          0x08000228   Section        0  __rtentry2.o(.ARM.Collect$$rtentry$$00000009)
    .ARM.Collect$$rtentry$$0000000A          0x08000228   Section        4  __rtentry2.o(.ARM.Collect$$rtentry$$0000000A)
    .ARM.Collect$$rtentry$$0000000C          0x0800022c   Section        0  __rtentry2.o(.ARM.Collect$$rtentry$$0000000C)
    .ARM.Collect$$rtentry$$0000000D          0x0800022c   Section        8  __rtentry2.o(.ARM.Collect$$rtentry$$0000000D)
    .ARM.Collect$$rtexit$$00000000           0x08000234   Section        2  rtexit.o(.ARM.Collect$$rtexit$$00000000)
    .ARM.Collect$$rtexit$$00000002           0x08000236   Section        0  rtexit2.o(.ARM.Collect$$rtexit$$00000002)
    .ARM.Collect$$rtexit$$00000003           0x08000236   Section        4  rtexit2.o(.ARM.Collect$$rtexit$$00000003)
    .ARM.Collect$$rtexit$$00000004           0x0800023a   Section        6  rtexit2.o(.ARM.Collect$$rtexit$$00000004)
    .text                                    0x08000240   Section       68  startup_stm32f40_41xxx.o(.text)
    $v0                                      0x08000240   Number         0  startup_stm32f40_41xxx.o(.text)
    .text                                    0x08000284   Section        2  use_no_semi_2.o(.text)
    .text                                    0x08000288   Section        0  noretval__2printf.o(.text)
    .text                                    0x080002a0   Section        0  __printf_flags_wp.o(.text)
    .text                                    0x080003d8   Section        0  heapauxi.o(.text)
    .text                                    0x080003de   Section        2  use_no_semi.o(.text)
    .text                                    0x080003e0   Section        0  _rserrno.o(.text)
    .text                                    0x080003f6   Section        0  _printf_fp_dec.o(.text)
    _fp_digits                               0x080003f9   Thumb Code   428  _printf_fp_dec.o(.text)
    .text                                    0x08000810   Section        0  _printf_char_file.o(.text)
    .text                                    0x08000834   Section        8  rt_locale_intlibspace.o(.text)
    .text                                    0x0800083c   Section        8  rt_errno_addr_intlibspace.o(.text)
    .text                                    0x08000844   Section      138  lludiv10.o(.text)
    .text                                    0x080008d0   Section        0  _printf_char_common.o(.text)
    _printf_input_char                       0x080008d1   Thumb Code    10  _printf_char_common.o(.text)
    .text                                    0x08000900   Section        0  _printf_fp_infnan.o(.text)
    .text                                    0x08000980   Section        0  bigflt0.o(.text)
    .text                                    0x08000a5c   Section        0  ferror.o(.text)
    .text                                    0x08000a64   Section        8  libspace.o(.text)
    .text                                    0x08000a6c   Section       74  sys_stackheap_outer.o(.text)
    .text                                    0x08000ab6   Section        0  exit.o(.text)
    .text                                    0x08000ac4   Section      128  strcmpv7m.o(.text)
    CL$$btod_d2e                             0x08000b44   Section       62  btod.o(CL$$btod_d2e)
    CL$$btod_d2e_denorm_low                  0x08000b82   Section       70  btod.o(CL$$btod_d2e_denorm_low)
    CL$$btod_d2e_norm_op1                    0x08000bc8   Section       96  btod.o(CL$$btod_d2e_norm_op1)
    CL$$btod_div_common                      0x08000c28   Section      824  btod.o(CL$$btod_div_common)
    CL$$btod_e2e                             0x08000f60   Section      198  btod.o(CL$$btod_e2e)
    CL$$btod_ediv                            0x08001026   Section       40  btod.o(CL$$btod_ediv)
    CL$$btod_emul                            0x0800104e   Section       40  btod.o(CL$$btod_emul)
    CL$$btod_mult_common                     0x08001076   Section      580  btod.o(CL$$btod_mult_common)
    i.AHRSupdate                             0x080012bc   Section        0  test.o(i.AHRSupdate)
    i.CalYaw                                 0x08002af8   Section        0  test.o(i.CalYaw)
    i.CalibrateToZero                        0x08002b50   Section        0  test.o(i.CalibrateToZero)
    i.CountTurns                             0x08002c6c   Section        0  test.o(i.CountTurns)
    i.GPIO_AF_Set                            0x08002cd0   Section        0  sys.o(i.GPIO_AF_Set)
    i.GPIO_Set                               0x08002d10   Section        0  sys.o(i.GPIO_Set)
    i.IIC_Ack                                0x08002df0   Section        0  myiic.o(i.IIC_Ack)
    i.IIC_Init                               0x08002e40   Section        0  myiic.o(i.IIC_Init)
    i.IIC_NAck                               0x08002e80   Section        0  myiic.o(i.IIC_NAck)
    i.IIC_Read_Byte                          0x08002ed0   Section        0  myiic.o(i.IIC_Read_Byte)
    i.IIC_Send_Byte                          0x08002f3c   Section        0  myiic.o(i.IIC_Send_Byte)
    i.IIC_Start                              0x08002fa4   Section        0  myiic.o(i.IIC_Start)
    i.IIC_Stop                               0x08002ff8   Section        0  myiic.o(i.IIC_Stop)
    i.IIC_Wait_Ack                           0x08003044   Section        0  myiic.o(i.IIC_Wait_Ack)
    i.MPU_Get_Accel                          0x080030a4   Section        0  mpu9250.o(i.MPU_Get_Accel)
    i.MPU_Get_Accelerometer                  0x08003220   Section        0  mpu9250.o(i.MPU_Get_Accelerometer)
    i.MPU_Get_Gyro                           0x080033a0   Section        0  mpu9250.o(i.MPU_Get_Gyro)
    i.MPU_Get_Gyroscope                      0x0800346c   Section        0  mpu9250.o(i.MPU_Get_Gyroscope)
    i.MPU_Get_Mag                            0x08003600   Section        0  mpu9250.o(i.MPU_Get_Mag)
    i.MPU_Get_Magnetometer                   0x080037d4   Section        0  mpu9250.o(i.MPU_Get_Magnetometer)
    i.MPU_Init                               0x0800395c   Section        0  mpu9250.o(i.MPU_Init)
    i.MPU_Read_Byte                          0x08003a20   Section        0  mpu9250.o(i.MPU_Read_Byte)
    i.MPU_Read_Len                           0x08003a68   Section        0  mpu9250.o(i.MPU_Read_Len)
    i.MPU_Set_Accel_Fsr                      0x08003adc   Section        0  mpu9250.o(i.MPU_Set_Accel_Fsr)
    i.MPU_Set_Gyro_Fsr                       0x08003aee   Section        0  mpu9250.o(i.MPU_Set_Gyro_Fsr)
    i.MPU_Set_LPF                            0x08003b04   Section        0  mpu9250.o(i.MPU_Set_LPF)
    i.MPU_Set_Rate                           0x08003b40   Section        0  mpu9250.o(i.MPU_Set_Rate)
    i.MPU_Write_Byte                         0x08003b7c   Section        0  mpu9250.o(i.MPU_Write_Byte)
    i.MY_NVIC_Init                           0x08003bc8   Section        0  sys.o(i.MY_NVIC_Init)
    i.MY_NVIC_PriorityGroupConfig            0x08003c40   Section        0  sys.o(i.MY_NVIC_PriorityGroupConfig)
    i.MY_NVIC_SetVectorTable                 0x08003c68   Section        0  sys.o(i.MY_NVIC_SetVectorTable)
    i.Stm32_Clock_Init                       0x08003c78   Section        0  sys.o(i.Stm32_Clock_Init)
    i.Sys_Clock_Set                          0x08003ce0   Section        0  sys.o(i.Sys_Clock_Set)
    i.USART1_IRQHandler                      0x08003dec   Section        0  usart.o(i.USART1_IRQHandler)
    i.__ARM_fpclassify                       0x08003e6c   Section        0  fpclassify.o(i.__ARM_fpclassify)
    i.__hardfp_asin                          0x08003ea0   Section        0  asin.o(i.__hardfp_asin)
    i.__hardfp_atan                          0x08004200   Section        0  atan.o(i.__hardfp_atan)
    i.__hardfp_atan2                         0x080044d8   Section        0  atan2.o(i.__hardfp_atan2)
    i.__hardfp_sqrt                          0x080046c8   Section        0  sqrt.o(i.__hardfp_sqrt)
    i.__kernel_poly                          0x08004742   Section        0  poly.o(i.__kernel_poly)
    i.__mathlib_dbl_infnan                   0x0800483a   Section        0  dunder.o(i.__mathlib_dbl_infnan)
    i.__mathlib_dbl_infnan2                  0x0800484e   Section        0  dunder.o(i.__mathlib_dbl_infnan2)
    i.__mathlib_dbl_invalid                  0x08004868   Section        0  dunder.o(i.__mathlib_dbl_invalid)
    i.__mathlib_dbl_underflow                0x08004888   Section        0  dunder.o(i.__mathlib_dbl_underflow)
    i._is_digit                              0x080048a8   Section        0  __printf_wp.o(i._is_digit)
    i._sys_exit                              0x080048b6   Section        0  usart.o(i._sys_exit)
    i.atan                                   0x080048ba   Section        0  atan.o(i.atan)
    i.calibrate                              0x080048cc   Section        0  mpu9250.o(i.calibrate)
    i.delay_init                             0x0800493c   Section        0  delay.o(i.delay_init)
    i.delay_ms                               0x0800497c   Section        0  delay.o(i.delay_ms)
    i.delay_us                               0x080049b4   Section        0  delay.o(i.delay_us)
    i.delay_xms                              0x080049f0   Section        0  delay.o(i.delay_xms)
    i.fabs                                   0x08004a2c   Section        0  fabs.o(i.fabs)
    i.fputc                                  0x08004a44   Section        0  usart.o(i.fputc)
    i.invSqrt                                0x08004a60   Section        0  test.o(i.invSqrt)
    i.main                                   0x08004aa4   Section        0  test.o(i.main)
    i.sqrt                                   0x08004c30   Section        0  sqrt.o(i.sqrt)
    i.uart_init                              0x08004ca0   Section        0  usart.o(i.uart_init)
    locale$$code                             0x08004da0   Section       44  lc_numeric_c.o(locale$$code)
    x$fpl$basic                              0x08004dcc   Section       24  basic.o(x$fpl$basic)
    $v0                                      0x08004dcc   Number         0  basic.o(x$fpl$basic)
    x$fpl$d2f                                0x08004de4   Section       98  d2f.o(x$fpl$d2f)
    $v0                                      0x08004de4   Number         0  d2f.o(x$fpl$d2f)
    x$fpl$dadd                               0x08004e48   Section      336  daddsub_clz.o(x$fpl$dadd)
    $v0                                      0x08004e48   Number         0  daddsub_clz.o(x$fpl$dadd)
    _dadd1                                   0x08004e59   Thumb Code     0  daddsub_clz.o(x$fpl$dadd)
    x$fpl$ddiv                               0x08004f98   Section      688  ddiv.o(x$fpl$ddiv)
    $v0                                      0x08004f98   Number         0  ddiv.o(x$fpl$ddiv)
    ddiv_entry                               0x08004f9f   Thumb Code     0  ddiv.o(x$fpl$ddiv)
    x$fpl$dfix                               0x08005248   Section       94  dfix.o(x$fpl$dfix)
    $v0                                      0x08005248   Number         0  dfix.o(x$fpl$dfix)
    x$fpl$dflt                               0x080052a6   Section       46  dflt_clz.o(x$fpl$dflt)
    $v0                                      0x080052a6   Number         0  dflt_clz.o(x$fpl$dflt)
    x$fpl$dmul                               0x080052d4   Section      340  dmul.o(x$fpl$dmul)
    $v0                                      0x080052d4   Number         0  dmul.o(x$fpl$dmul)
    x$fpl$dnaninf                            0x08005428   Section      156  dnaninf.o(x$fpl$dnaninf)
    $v0                                      0x08005428   Number         0  dnaninf.o(x$fpl$dnaninf)
    x$fpl$dretinf                            0x080054c4   Section       12  dretinf.o(x$fpl$dretinf)
    $v0                                      0x080054c4   Number         0  dretinf.o(x$fpl$dretinf)
    x$fpl$drsb                               0x080054d0   Section       22  daddsub_clz.o(x$fpl$drsb)
    $v0                                      0x080054d0   Number         0  daddsub_clz.o(x$fpl$drsb)
    x$fpl$dsqrt                              0x080054e8   Section      408  dsqrt_umaal.o(x$fpl$dsqrt)
    $v0                                      0x080054e8   Number         0  dsqrt_umaal.o(x$fpl$dsqrt)
    x$fpl$dsub                               0x08005680   Section      468  daddsub_clz.o(x$fpl$dsub)
    $v0                                      0x08005680   Number         0  daddsub_clz.o(x$fpl$dsub)
    _dsub1                                   0x08005691   Thumb Code     0  daddsub_clz.o(x$fpl$dsub)
    x$fpl$f2d                                0x08005854   Section       86  f2d.o(x$fpl$f2d)
    $v0                                      0x08005854   Number         0  f2d.o(x$fpl$f2d)
    x$fpl$fnaninf                            0x080058aa   Section      140  fnaninf.o(x$fpl$fnaninf)
    $v0                                      0x080058aa   Number         0  fnaninf.o(x$fpl$fnaninf)
    x$fpl$fpinit                             0x08005936   Section       10  fpinit.o(x$fpl$fpinit)
    $v0                                      0x08005936   Number         0  fpinit.o(x$fpl$fpinit)
    x$fpl$fretinf                            0x08005940   Section       10  fretinf.o(x$fpl$fretinf)
    $v0                                      0x08005940   Number         0  fretinf.o(x$fpl$fretinf)
    x$fpl$printf1                            0x0800594a   Section        4  printf1.o(x$fpl$printf1)
    $v0                                      0x0800594a   Number         0  printf1.o(x$fpl$printf1)
    .constdata                               0x0800594e   Section       17  __printf_flags_wp.o(.constdata)
    x$fpl$usenofp                            0x0800594e   Section        0  usenofp.o(x$fpl$usenofp)
    maptable                                 0x0800594e   Data          17  __printf_flags_wp.o(.constdata)
    .constdata                               0x08005960   Section       80  asin.o(.constdata)
    pS                                       0x08005960   Data          48  asin.o(.constdata)
    qS                                       0x08005990   Data          32  asin.o(.constdata)
    .constdata                               0x080059b0   Section      152  atan.o(.constdata)
    atanhi                                   0x080059b0   Data          32  atan.o(.constdata)
    atanlo                                   0x080059d0   Data          32  atan.o(.constdata)
    aTodd                                    0x080059f0   Data          40  atan.o(.constdata)
    aTeven                                   0x08005a18   Data          48  atan.o(.constdata)
    .constdata                               0x08005a48   Section        8  qnan.o(.constdata)
    .constdata                               0x08005a50   Section      148  bigflt0.o(.constdata)
    tenpwrs_x                                0x08005a50   Data          60  bigflt0.o(.constdata)
    tenpwrs_i                                0x08005a8c   Data          64  bigflt0.o(.constdata)
    locale$$data                             0x08005b04   Section       28  lc_numeric_c.o(locale$$data)
    __lcnum_c_name                           0x08005b08   Data           2  lc_numeric_c.o(locale$$data)
    __lcnum_c_start                          0x08005b10   Data           0  lc_numeric_c.o(locale$$data)
    __lcnum_c_point                          0x08005b1c   Data           0  lc_numeric_c.o(locale$$data)
    __lcnum_c_thousands                      0x08005b1e   Data           0  lc_numeric_c.o(locale$$data)
    __lcnum_c_grouping                       0x08005b1f   Data           0  lc_numeric_c.o(locale$$data)
    __lcnum_c_end                            0x08005b20   Data           0  lc_numeric_c.o(locale$$data)
    .data                                    0x20000000   Section      116  test.o(.data)
    q0                                       0x20000000   Data           4  test.o(.data)
    q1                                       0x20000004   Data           4  test.o(.data)
    q2                                       0x20000008   Data           4  test.o(.data)
    q3                                       0x2000000c   Data           4  test.o(.data)
    exInt                                    0x20000010   Data           4  test.o(.data)
    eyInt                                    0x20000014   Data           4  test.o(.data)
    ezInt                                    0x20000018   Data           4  test.o(.data)
    turns                                    0x2000001c   Data           2  test.o(.data)
    newdata                                  0x20000020   Data           4  test.o(.data)
    olddata                                  0x20000024   Data           4  test.o(.data)
    pitchoffset                              0x20000028   Data           4  test.o(.data)
    rolloffset                               0x2000002c   Data           4  test.o(.data)
    yawoffset                                0x20000030   Data           4  test.o(.data)
    k10                                      0x20000034   Data           4  test.o(.data)
    k11                                      0x20000038   Data           4  test.o(.data)
    k12                                      0x2000003c   Data           4  test.o(.data)
    k13                                      0x20000040   Data           4  test.o(.data)
    k20                                      0x20000044   Data           4  test.o(.data)
    k21                                      0x20000048   Data           4  test.o(.data)
    k22                                      0x2000004c   Data           4  test.o(.data)
    k23                                      0x20000050   Data           4  test.o(.data)
    k30                                      0x20000054   Data           4  test.o(.data)
    k31                                      0x20000058   Data           4  test.o(.data)
    k32                                      0x2000005c   Data           4  test.o(.data)
    k33                                      0x20000060   Data           4  test.o(.data)
    k40                                      0x20000064   Data           4  test.o(.data)
    k41                                      0x20000068   Data           4  test.o(.data)
    k42                                      0x2000006c   Data           4  test.o(.data)
    k43                                      0x20000070   Data           4  test.o(.data)
    .data                                    0x20000074   Section        4  delay.o(.data)
    fac_us                                   0x20000074   Data           1  delay.o(.data)
    fac_ms                                   0x20000076   Data           2  delay.o(.data)
    .data                                    0x20000078   Section        6  usart.o(.data)
    .data                                    0x20000080   Section       98  mpu9250.o(.data)
    .bss                                     0x200000e4   Section      200  usart.o(.bss)
    .bss                                     0x200001ac   Section       96  libspace.o(.bss)
    HEAP                                     0x20000210   Section        0  startup_stm32f40_41xxx.o(HEAP)
    STACK                                    0x20000210   Section     1024  startup_stm32f40_41xxx.o(STACK)
    Heap_Mem                                 0x20000210   Data           0  startup_stm32f40_41xxx.o(HEAP)
    Stack_Mem                                0x20000210   Data        1024  startup_stm32f40_41xxx.o(STACK)
    __initial_sp                             0x20000610   Data           0  startup_stm32f40_41xxx.o(STACK)

    Global Symbols

    Symbol Name                              Value     Ov Type        Size  Object(Section)

    BuildAttributes$$THM_ISAv4$E$P$D$K$B$S$7EM$VFPi3$EXTD16$VFPS$VFMA$PE$A:L22UL41UL21$X:L11$S22US41US21$IEEE1$IW$USESV6$~STKCKD$USESV7$~SHL$OTIME$ROPI$IEEEX$EBA8$UX$STANDARDLIB$REQ8$PRES8$EABIv2 0x00000000   Number         0  anon$$obj.o ABSOLUTE
    __ARM_use_no_argv                        0x00000000   Number         0  test.o ABSOLUTE
    _printf_flags                            0x00000000   Number         0  printf_stubs.o ABSOLUTE
    _printf_return_value                     0x00000000   Number         0  printf_stubs.o ABSOLUTE
    _printf_sizespec                         0x00000000   Number         0  printf_stubs.o ABSOLUTE
    _printf_widthprec                        0x00000000   Number         0  printf_stubs.o ABSOLUTE
    __ARM_exceptions_init                     - Undefined Weak Reference
    __alloca_initialize                       - Undefined Weak Reference
    __arm_preinit_                            - Undefined Weak Reference
    __cpp_initialize__aeabi_                  - Undefined Weak Reference
    __cxa_finalize                            - Undefined Weak Reference
    __sigvec_lookup                           - Undefined Weak Reference
    _atexit_init                              - Undefined Weak Reference
    _call_atexit_fns                          - Undefined Weak Reference
    _clock_init                               - Undefined Weak Reference
    _fp_trap_init                             - Undefined Weak Reference
    _fp_trap_shutdown                         - Undefined Weak Reference
    _get_lc_collate                           - Undefined Weak Reference
    _get_lc_ctype                             - Undefined Weak Reference
    _get_lc_monetary                          - Undefined Weak Reference
    _get_lc_time                              - Undefined Weak Reference
    _getenv_init                              - Undefined Weak Reference
    _handle_redirection                       - Undefined Weak Reference
    _init_alloc                               - Undefined Weak Reference
    _init_user_alloc                          - Undefined Weak Reference
    _initio                                   - Undefined Weak Reference
    _mutex_acquire                            - Undefined Weak Reference
    _mutex_release                            - Undefined Weak Reference
    _printf_post_padding                      - Undefined Weak Reference
    _printf_pre_padding                       - Undefined Weak Reference
    _rand_init                                - Undefined Weak Reference
    _signal_finish                            - Undefined Weak Reference
    _signal_init                              - Undefined Weak Reference
    _terminate_alloc                          - Undefined Weak Reference
    _terminate_user_alloc                     - Undefined Weak Reference
    _terminateio                              - Undefined Weak Reference
    __Vectors_Size                           0x00000188   Number         0  startup_stm32f40_41xxx.o ABSOLUTE
    __Vectors                                0x08000000   Data           4  startup_stm32f40_41xxx.o(RESET)
    __Vectors_End                            0x08000188   Data           0  startup_stm32f40_41xxx.o(RESET)
    __main                                   0x08000189   Thumb Code     8  __main.o(!!!main)
    __scatterload                            0x08000191   Thumb Code     0  __scatter.o(!!!scatter)
    __scatterload_rt2                        0x08000191   Thumb Code    44  __scatter.o(!!!scatter)
    __scatterload_rt2_thumb_only             0x08000191   Thumb Code     0  __scatter.o(!!!scatter)
    __scatterload_null                       0x0800019f   Thumb Code     0  __scatter.o(!!!scatter)
    __scatterload_copy                       0x080001c5   Thumb Code    26  __scatter_copy.o(!!handler_copy)
    __scatterload_zeroinit                   0x080001e1   Thumb Code    28  __scatter_zi.o(!!handler_zi)
    _printf_f                                0x080001fd   Thumb Code     0  _printf_f.o(.ARM.Collect$$_printf_percent$$00000003)
    _printf_percent                          0x080001fd   Thumb Code     0  _printf_percent.o(.ARM.Collect$$_printf_percent$$00000000)
    _printf_percent_end                      0x08000203   Thumb Code     0  _printf_percent_end.o(.ARM.Collect$$_printf_percent$$00000017)
    __rt_lib_init                            0x08000207   Thumb Code     0  libinit.o(.ARM.Collect$$libinit$$00000000)
    __rt_lib_init_fp_1                       0x08000209   Thumb Code     0  libinit2.o(.ARM.Collect$$libinit$$00000001)
    __rt_lib_init_heap_1                     0x0800020d   Thumb Code     0  libinit2.o(.ARM.Collect$$libinit$$0000000A)
    __rt_lib_init_lc_common                  0x0800020d   Thumb Code     0  libinit2.o(.ARM.Collect$$libinit$$0000000F)
    __rt_lib_init_preinit_1                  0x0800020d   Thumb Code     0  libinit2.o(.ARM.Collect$$libinit$$00000004)
    __rt_lib_init_rand_1                     0x0800020d   Thumb Code     0  libinit2.o(.ARM.Collect$$libinit$$0000000E)
    __rt_lib_init_user_alloc_1               0x0800020d   Thumb Code     0  libinit2.o(.ARM.Collect$$libinit$$0000000C)
    __rt_lib_init_lc_collate_1               0x08000213   Thumb Code     0  libinit2.o(.ARM.Collect$$libinit$$00000011)
    __rt_lib_init_lc_ctype_1                 0x08000213   Thumb Code     0  libinit2.o(.ARM.Collect$$libinit$$00000013)
    __rt_lib_init_lc_monetary_1              0x08000213   Thumb Code     0  libinit2.o(.ARM.Collect$$libinit$$00000015)
    __rt_lib_init_lc_numeric_2               0x08000213   Thumb Code     0  libinit2.o(.ARM.Collect$$libinit$$00000016)
    __rt_lib_init_alloca_1                   0x0800021d   Thumb Code     0  libinit2.o(.ARM.Collect$$libinit$$0000002E)
    __rt_lib_init_argv_1                     0x0800021d   Thumb Code     0  libinit2.o(.ARM.Collect$$libinit$$0000002C)
    __rt_lib_init_atexit_1                   0x0800021d   Thumb Code     0  libinit2.o(.ARM.Collect$$libinit$$0000001B)
    __rt_lib_init_clock_1                    0x0800021d   Thumb Code     0  libinit2.o(.ARM.Collect$$libinit$$00000021)
    __rt_lib_init_cpp_1                      0x0800021d   Thumb Code     0  libinit2.o(.ARM.Collect$$libinit$$00000032)
    __rt_lib_init_exceptions_1               0x0800021d   Thumb Code     0  libinit2.o(.ARM.Collect$$libinit$$00000030)
    __rt_lib_init_fp_trap_1                  0x0800021d   Thumb Code     0  libinit2.o(.ARM.Collect$$libinit$$0000001F)
    __rt_lib_init_getenv_1                   0x0800021d   Thumb Code     0  libinit2.o(.ARM.Collect$$libinit$$00000023)
    __rt_lib_init_lc_numeric_1               0x0800021d   Thumb Code     0  libinit2.o(.ARM.Collect$$libinit$$00000017)
    __rt_lib_init_lc_time_1                  0x0800021d   Thumb Code     0  libinit2.o(.ARM.Collect$$libinit$$00000019)
    __rt_lib_init_return                     0x0800021d   Thumb Code     0  libinit2.o(.ARM.Collect$$libinit$$00000033)
    __rt_lib_init_signal_1                   0x0800021d   Thumb Code     0  libinit2.o(.ARM.Collect$$libinit$$0000001D)
    __rt_lib_init_stdio_1                    0x0800021d   Thumb Code     0  libinit2.o(.ARM.Collect$$libinit$$00000025)
    __rt_lib_shutdown                        0x0800021f   Thumb Code     0  libshutdown.o(.ARM.Collect$$libshutdown$$00000000)
    __rt_lib_shutdown_fp_trap_1              0x08000221   Thumb Code     0  libshutdown2.o(.ARM.Collect$$libshutdown$$00000006)
    __rt_lib_shutdown_heap_1                 0x08000221   Thumb Code     0  libshutdown2.o(.ARM.Collect$$libshutdown$$0000000E)
    __rt_lib_shutdown_return                 0x08000221   Thumb Code     0  libshutdown2.o(.ARM.Collect$$libshutdown$$0000000F)
    __rt_lib_shutdown_signal_1               0x08000221   Thumb Code     0  libshutdown2.o(.ARM.Collect$$libshutdown$$00000009)
    __rt_lib_shutdown_stdio_1                0x08000221   Thumb Code     0  libshutdown2.o(.ARM.Collect$$libshutdown$$00000003)
    __rt_lib_shutdown_user_alloc_1           0x08000221   Thumb Code     0  libshutdown2.o(.ARM.Collect$$libshutdown$$0000000B)
    __rt_entry                               0x08000223   Thumb Code     0  __rtentry.o(.ARM.Collect$$rtentry$$00000000)
    __rt_entry_presh_1                       0x08000223   Thumb Code     0  __rtentry2.o(.ARM.Collect$$rtentry$$00000002)
    __rt_entry_sh                            0x08000223   Thumb Code     0  __rtentry4.o(.ARM.Collect$$rtentry$$00000004)
    __rt_entry_li                            0x08000229   Thumb Code     0  __rtentry2.o(.ARM.Collect$$rtentry$$0000000A)
    __rt_entry_postsh_1                      0x08000229   Thumb Code     0  __rtentry2.o(.ARM.Collect$$rtentry$$00000009)
    __rt_entry_main                          0x0800022d   Thumb Code     0  __rtentry2.o(.ARM.Collect$$rtentry$$0000000D)
    __rt_entry_postli_1                      0x0800022d   Thumb Code     0  __rtentry2.o(.ARM.Collect$$rtentry$$0000000C)
    __rt_exit                                0x08000235   Thumb Code     0  rtexit.o(.ARM.Collect$$rtexit$$00000000)
    __rt_exit_ls                             0x08000237   Thumb Code     0  rtexit2.o(.ARM.Collect$$rtexit$$00000003)
    __rt_exit_prels_1                        0x08000237   Thumb Code     0  rtexit2.o(.ARM.Collect$$rtexit$$00000002)
    __rt_exit_exit                           0x0800023b   Thumb Code     0  rtexit2.o(.ARM.Collect$$rtexit$$00000004)
    Reset_Handler                            0x08000241   Thumb Code    14  startup_stm32f40_41xxx.o(.text)
    NMI_Handler                              0x0800024f   Thumb Code     2  startup_stm32f40_41xxx.o(.text)
    HardFault_Handler                        0x08000251   Thumb Code     2  startup_stm32f40_41xxx.o(.text)
    MemManage_Handler                        0x08000253   Thumb Code     2  startup_stm32f40_41xxx.o(.text)
    BusFault_Handler                         0x08000255   Thumb Code     2  startup_stm32f40_41xxx.o(.text)
    UsageFault_Handler                       0x08000257   Thumb Code     2  startup_stm32f40_41xxx.o(.text)
    SVC_Handler                              0x08000259   Thumb Code     2  startup_stm32f40_41xxx.o(.text)
    DebugMon_Handler                         0x0800025b   Thumb Code     2  startup_stm32f40_41xxx.o(.text)
    PendSV_Handler                           0x0800025d   Thumb Code     2  startup_stm32f40_41xxx.o(.text)
    SysTick_Handler                          0x0800025f   Thumb Code     2  startup_stm32f40_41xxx.o(.text)
    ADC_IRQHandler                           0x08000261   Thumb Code     0  startup_stm32f40_41xxx.o(.text)
    CAN1_RX0_IRQHandler                      0x08000261   Thumb Code     0  startup_stm32f40_41xxx.o(.text)
    CAN1_RX1_IRQHandler                      0x08000261   Thumb Code     0  startup_stm32f40_41xxx.o(.text)
    CAN1_SCE_IRQHandler                      0x08000261   Thumb Code     0  startup_stm32f40_41xxx.o(.text)
    CAN1_TX_IRQHandler                       0x08000261   Thumb Code     0  startup_stm32f40_41xxx.o(.text)
    CAN2_RX0_IRQHandler                      0x08000261   Thumb Code     0  startup_stm32f40_41xxx.o(.text)
    CAN2_RX1_IRQHandler                      0x08000261   Thumb Code     0  startup_stm32f40_41xxx.o(.text)
    CAN2_SCE_IRQHandler                      0x08000261   Thumb Code     0  startup_stm32f40_41xxx.o(.text)
    CAN2_TX_IRQHandler                       0x08000261   Thumb Code     0  startup_stm32f40_41xxx.o(.text)
    CRYP_IRQHandler                          0x08000261   Thumb Code     0  startup_stm32f40_41xxx.o(.text)
    DCMI_IRQHandler                          0x08000261   Thumb Code     0  startup_stm32f40_41xxx.o(.text)
    DMA1_Stream0_IRQHandler                  0x08000261   Thumb Code     0  startup_stm32f40_41xxx.o(.text)
    DMA1_Stream1_IRQHandler                  0x08000261   Thumb Code     0  startup_stm32f40_41xxx.o(.text)
    DMA1_Stream2_IRQHandler                  0x08000261   Thumb Code     0  startup_stm32f40_41xxx.o(.text)
    DMA1_Stream3_IRQHandler                  0x08000261   Thumb Code     0  startup_stm32f40_41xxx.o(.text)
    DMA1_Stream4_IRQHandler                  0x08000261   Thumb Code     0  startup_stm32f40_41xxx.o(.text)
    DMA1_Stream5_IRQHandler                  0x08000261   Thumb Code     0  startup_stm32f40_41xxx.o(.text)
    DMA1_Stream6_IRQHandler                  0x08000261   Thumb Code     0  startup_stm32f40_41xxx.o(.text)
    DMA1_Stream7_IRQHandler                  0x08000261   Thumb Code     0  startup_stm32f40_41xxx.o(.text)
    DMA2_Stream0_IRQHandler                  0x08000261   Thumb Code     0  startup_stm32f40_41xxx.o(.text)
    DMA2_Stream1_IRQHandler                  0x08000261   Thumb Code     0  startup_stm32f40_41xxx.o(.text)
    DMA2_Stream2_IRQHandler                  0x08000261   Thumb Code     0  startup_stm32f40_41xxx.o(.text)
    DMA2_Stream3_IRQHandler                  0x08000261   Thumb Code     0  startup_stm32f40_41xxx.o(.text)
    DMA2_Stream4_IRQHandler                  0x08000261   Thumb Code     0  startup_stm32f40_41xxx.o(.text)
    DMA2_Stream5_IRQHandler                  0x08000261   Thumb Code     0  startup_stm32f40_41xxx.o(.text)
    DMA2_Stream6_IRQHandler                  0x08000261   Thumb Code     0  startup_stm32f40_41xxx.o(.text)
    DMA2_Stream7_IRQHandler                  0x08000261   Thumb Code     0  startup_stm32f40_41xxx.o(.text)
    ETH_IRQHandler                           0x08000261   Thumb Code     0  startup_stm32f40_41xxx.o(.text)
    ETH_WKUP_IRQHandler                      0x08000261   Thumb Code     0  startup_stm32f40_41xxx.o(.text)
    EXTI0_IRQHandler                         0x08000261   Thumb Code     0  startup_stm32f40_41xxx.o(.text)
    EXTI15_10_IRQHandler                     0x08000261   Thumb Code     0  startup_stm32f40_41xxx.o(.text)
    EXTI1_IRQHandler                         0x08000261   Thumb Code     0  startup_stm32f40_41xxx.o(.text)
    EXTI2_IRQHandler                         0x08000261   Thumb Code     0  startup_stm32f40_41xxx.o(.text)
    EXTI3_IRQHandler                         0x08000261   Thumb Code     0  startup_stm32f40_41xxx.o(.text)
    EXTI4_IRQHandler                         0x08000261   Thumb Code     0  startup_stm32f40_41xxx.o(.text)
    EXTI9_5_IRQHandler                       0x08000261   Thumb Code     0  startup_stm32f40_41xxx.o(.text)
    FLASH_IRQHandler                         0x08000261   Thumb Code     0  startup_stm32f40_41xxx.o(.text)
    FPU_IRQHandler                           0x08000261   Thumb Code     0  startup_stm32f40_41xxx.o(.text)
    FSMC_IRQHandler                          0x08000261   Thumb Code     0  startup_stm32f40_41xxx.o(.text)
    HASH_RNG_IRQHandler                      0x08000261   Thumb Code     0  startup_stm32f40_41xxx.o(.text)
    I2C1_ER_IRQHandler                       0x08000261   Thumb Code     0  startup_stm32f40_41xxx.o(.text)
    I2C1_EV_IRQHandler                       0x08000261   Thumb Code     0  startup_stm32f40_41xxx.o(.text)
    I2C2_ER_IRQHandler                       0x08000261   Thumb Code     0  startup_stm32f40_41xxx.o(.text)
    I2C2_EV_IRQHandler                       0x08000261   Thumb Code     0  startup_stm32f40_41xxx.o(.text)
    I2C3_ER_IRQHandler                       0x08000261   Thumb Code     0  startup_stm32f40_41xxx.o(.text)
    I2C3_EV_IRQHandler                       0x08000261   Thumb Code     0  startup_stm32f40_41xxx.o(.text)
    OTG_FS_IRQHandler                        0x08000261   Thumb Code     0  startup_stm32f40_41xxx.o(.text)
    OTG_FS_WKUP_IRQHandler                   0x08000261   Thumb Code     0  startup_stm32f40_41xxx.o(.text)
    OTG_HS_EP1_IN_IRQHandler                 0x08000261   Thumb Code     0  startup_stm32f40_41xxx.o(.text)
    OTG_HS_EP1_OUT_IRQHandler                0x08000261   Thumb Code     0  startup_stm32f40_41xxx.o(.text)
    OTG_HS_IRQHandler                        0x08000261   Thumb Code     0  startup_stm32f40_41xxx.o(.text)
    OTG_HS_WKUP_IRQHandler                   0x08000261   Thumb Code     0  startup_stm32f40_41xxx.o(.text)
    PVD_IRQHandler                           0x08000261   Thumb Code     0  startup_stm32f40_41xxx.o(.text)
    RCC_IRQHandler                           0x08000261   Thumb Code     0  startup_stm32f40_41xxx.o(.text)
    RTC_Alarm_IRQHandler                     0x08000261   Thumb Code     0  startup_stm32f40_41xxx.o(.text)
    RTC_WKUP_IRQHandler                      0x08000261   Thumb Code     0  startup_stm32f40_41xxx.o(.text)
    SDIO_IRQHandler                          0x08000261   Thumb Code     0  startup_stm32f40_41xxx.o(.text)
    SPI1_IRQHandler                          0x08000261   Thumb Code     0  startup_stm32f40_41xxx.o(.text)
    SPI2_IRQHandler                          0x08000261   Thumb Code     0  startup_stm32f40_41xxx.o(.text)
    SPI3_IRQHandler                          0x08000261   Thumb Code     0  startup_stm32f40_41xxx.o(.text)
    TAMP_STAMP_IRQHandler                    0x08000261   Thumb Code     0  startup_stm32f40_41xxx.o(.text)
    TIM1_BRK_TIM9_IRQHandler                 0x08000261   Thumb Code     0  startup_stm32f40_41xxx.o(.text)
    TIM1_CC_IRQHandler                       0x08000261   Thumb Code     0  startup_stm32f40_41xxx.o(.text)
    TIM1_TRG_COM_TIM11_IRQHandler            0x08000261   Thumb Code     0  startup_stm32f40_41xxx.o(.text)
    TIM1_UP_TIM10_IRQHandler                 0x08000261   Thumb Code     0  startup_stm32f40_41xxx.o(.text)
    TIM2_IRQHandler                          0x08000261   Thumb Code     0  startup_stm32f40_41xxx.o(.text)
    TIM3_IRQHandler                          0x08000261   Thumb Code     0  startup_stm32f40_41xxx.o(.text)
    TIM4_IRQHandler                          0x08000261   Thumb Code     0  startup_stm32f40_41xxx.o(.text)
    TIM5_IRQHandler                          0x08000261   Thumb Code     0  startup_stm32f40_41xxx.o(.text)
    TIM6_DAC_IRQHandler                      0x08000261   Thumb Code     0  startup_stm32f40_41xxx.o(.text)
    TIM7_IRQHandler                          0x08000261   Thumb Code     0  startup_stm32f40_41xxx.o(.text)
    TIM8_BRK_TIM12_IRQHandler                0x08000261   Thumb Code     0  startup_stm32f40_41xxx.o(.text)
    TIM8_CC_IRQHandler                       0x08000261   Thumb Code     0  startup_stm32f40_41xxx.o(.text)
    TIM8_TRG_COM_TIM14_IRQHandler            0x08000261   Thumb Code     0  startup_stm32f40_41xxx.o(.text)
    TIM8_UP_TIM13_IRQHandler                 0x08000261   Thumb Code     0  startup_stm32f40_41xxx.o(.text)
    UART4_IRQHandler                         0x08000261   Thumb Code     0  startup_stm32f40_41xxx.o(.text)
    UART5_IRQHandler                         0x08000261   Thumb Code     0  startup_stm32f40_41xxx.o(.text)
    USART2_IRQHandler                        0x08000261   Thumb Code     0  startup_stm32f40_41xxx.o(.text)
    USART3_IRQHandler                        0x08000261   Thumb Code     0  startup_stm32f40_41xxx.o(.text)
    USART6_IRQHandler                        0x08000261   Thumb Code     0  startup_stm32f40_41xxx.o(.text)
    WWDG_IRQHandler                          0x08000261   Thumb Code     0  startup_stm32f40_41xxx.o(.text)
    __user_initial_stackheap                 0x08000265   Thumb Code     0  startup_stm32f40_41xxx.o(.text)
    __use_no_semihosting                     0x08000285   Thumb Code     2  use_no_semi_2.o(.text)
    __2printf                                0x08000289   Thumb Code    20  noretval__2printf.o(.text)
    __printf                                 0x080002a1   Thumb Code   308  __printf_flags_wp.o(.text)
    __use_two_region_memory                  0x080003d9   Thumb Code     2  heapauxi.o(.text)
    __rt_heap_escrow$2region                 0x080003db   Thumb Code     2  heapauxi.o(.text)
    __rt_heap_expand$2region                 0x080003dd   Thumb Code     2  heapauxi.o(.text)
    __I$use$semihosting                      0x080003df   Thumb Code     0  use_no_semi.o(.text)
    __use_no_semihosting_swi                 0x080003df   Thumb Code     2  use_no_semi.o(.text)
    __read_errno                             0x080003e1   Thumb Code    10  _rserrno.o(.text)
    __set_errno                              0x080003eb   Thumb Code    12  _rserrno.o(.text)
    __lib_sel_fp_printf                      0x080003f7   Thumb Code     2  _printf_fp_dec.o(.text)
    _printf_fp_dec_real                      0x080005a5   Thumb Code   620  _printf_fp_dec.o(.text)
    _printf_char_file                        0x08000811   Thumb Code    32  _printf_char_file.o(.text)
    __rt_locale                              0x08000835   Thumb Code     8  rt_locale_intlibspace.o(.text)
    __aeabi_errno_addr                       0x0800083d   Thumb Code     8  rt_errno_addr_intlibspace.o(.text)
    __errno$intlibspace                      0x0800083d   Thumb Code     0  rt_errno_addr_intlibspace.o(.text)
    __rt_errno_addr$intlibspace              0x0800083d   Thumb Code     0  rt_errno_addr_intlibspace.o(.text)
    _ll_udiv10                               0x08000845   Thumb Code   138  lludiv10.o(.text)
    _printf_char_common                      0x080008db   Thumb Code    32  _printf_char_common.o(.text)
    _printf_fp_infnan                        0x08000901   Thumb Code   112  _printf_fp_infnan.o(.text)
    _btod_etento                             0x08000981   Thumb Code   216  bigflt0.o(.text)
    ferror                                   0x08000a5d   Thumb Code     8  ferror.o(.text)
    __user_libspace                          0x08000a65   Thumb Code     8  libspace.o(.text)
    __user_perproc_libspace                  0x08000a65   Thumb Code     0  libspace.o(.text)
    __user_perthread_libspace                0x08000a65   Thumb Code     0  libspace.o(.text)
    __user_setup_stackheap                   0x08000a6d   Thumb Code    74  sys_stackheap_outer.o(.text)
    exit                                     0x08000ab7   Thumb Code    12  exit.o(.text)
    strcmp                                   0x08000ac5   Thumb Code   128  strcmpv7m.o(.text)
    _btod_d2e                                0x08000b45   Thumb Code    62  btod.o(CL$$btod_d2e)
    _d2e_denorm_low                          0x08000b83   Thumb Code    70  btod.o(CL$$btod_d2e_denorm_low)
    _d2e_norm_op1                            0x08000bc9   Thumb Code    96  btod.o(CL$$btod_d2e_norm_op1)
    __btod_div_common                        0x08000c29   Thumb Code   696  btod.o(CL$$btod_div_common)
    _e2e                                     0x08000f61   Thumb Code   198  btod.o(CL$$btod_e2e)
    _btod_ediv                               0x08001027   Thumb Code    40  btod.o(CL$$btod_ediv)
    _btod_emul                               0x0800104f   Thumb Code    40  btod.o(CL$$btod_emul)
    __btod_mult_common                       0x08001077   Thumb Code   580  btod.o(CL$$btod_mult_common)
    AHRSupdate                               0x080012bd   Thumb Code  6146  test.o(i.AHRSupdate)
    CalYaw                                   0x08002af9   Thumb Code    80  test.o(i.CalYaw)
    CalibrateToZero                          0x08002b51   Thumb Code   262  test.o(i.CalibrateToZero)
    CountTurns                               0x08002c6d   Thumb Code    90  test.o(i.CountTurns)
    GPIO_AF_Set                              0x08002cd1   Thumb Code    64  sys.o(i.GPIO_AF_Set)
    GPIO_Set                                 0x08002d11   Thumb Code   222  sys.o(i.GPIO_Set)
    IIC_Ack                                  0x08002df1   Thumb Code    66  myiic.o(i.IIC_Ack)
    IIC_Init                                 0x08002e41   Thumb Code    48  myiic.o(i.IIC_Init)
    IIC_NAck                                 0x08002e81   Thumb Code    66  myiic.o(i.IIC_NAck)
    IIC_Read_Byte                            0x08002ed1   Thumb Code    94  myiic.o(i.IIC_Read_Byte)
    IIC_Send_Byte                            0x08002f3d   Thumb Code    90  myiic.o(i.IIC_Send_Byte)
    IIC_Start                                0x08002fa5   Thumb Code    70  myiic.o(i.IIC_Start)
    IIC_Stop                                 0x08002ff9   Thumb Code    62  myiic.o(i.IIC_Stop)
    IIC_Wait_Ack                             0x08003045   Thumb Code    82  myiic.o(i.IIC_Wait_Ack)
    MPU_Get_Accel                            0x080030a5   Thumb Code   334  mpu9250.o(i.MPU_Get_Accel)
    MPU_Get_Accelerometer                    0x08003221   Thumb Code   354  mpu9250.o(i.MPU_Get_Accelerometer)
    MPU_Get_Gyro                             0x080033a1   Thumb Code   196  mpu9250.o(i.MPU_Get_Gyro)
    MPU_Get_Gyroscope                        0x0800346d   Thumb Code   372  mpu9250.o(i.MPU_Get_Gyroscope)
    MPU_Get_Mag                              0x08003601   Thumb Code   430  mpu9250.o(i.MPU_Get_Mag)
    MPU_Get_Magnetometer                     0x080037d5   Thumb Code   372  mpu9250.o(i.MPU_Get_Magnetometer)
    MPU_Init                                 0x0800395d   Thumb Code   196  mpu9250.o(i.MPU_Init)
    MPU_Read_Byte                            0x08003a21   Thumb Code    72  mpu9250.o(i.MPU_Read_Byte)
    MPU_Read_Len                             0x08003a69   Thumb Code   116  mpu9250.o(i.MPU_Read_Len)
    MPU_Set_Accel_Fsr                        0x08003add   Thumb Code    18  mpu9250.o(i.MPU_Set_Accel_Fsr)
    MPU_Set_Gyro_Fsr                         0x08003aef   Thumb Code    22  mpu9250.o(i.MPU_Set_Gyro_Fsr)
    MPU_Set_LPF                              0x08003b05   Thumb Code    60  mpu9250.o(i.MPU_Set_LPF)
    MPU_Set_Rate                             0x08003b41   Thumb Code    60  mpu9250.o(i.MPU_Set_Rate)
    MPU_Write_Byte                           0x08003b7d   Thumb Code    76  mpu9250.o(i.MPU_Write_Byte)
    MY_NVIC_Init                             0x08003bc9   Thumb Code   116  sys.o(i.MY_NVIC_Init)
    MY_NVIC_PriorityGroupConfig              0x08003c41   Thumb Code    32  sys.o(i.MY_NVIC_PriorityGroupConfig)
    MY_NVIC_SetVectorTable                   0x08003c69   Thumb Code    12  sys.o(i.MY_NVIC_SetVectorTable)
    Stm32_Clock_Init                         0x08003c79   Thumb Code    90  sys.o(i.Stm32_Clock_Init)
    Sys_Clock_Set                            0x08003ce1   Thumb Code   254  sys.o(i.Sys_Clock_Set)
    USART1_IRQHandler                        0x08003ded   Thumb Code   116  usart.o(i.USART1_IRQHandler)
    __ARM_fpclassify                         0x08003e6d   Thumb Code    48  fpclassify.o(i.__ARM_fpclassify)
    __hardfp_asin                            0x08003ea1   Thumb Code   770  asin.o(i.__hardfp_asin)
    __hardfp_atan                            0x08004201   Thumb Code   622  atan.o(i.__hardfp_atan)
    __hardfp_atan2                           0x080044d9   Thumb Code   432  atan2.o(i.__hardfp_atan2)
    __hardfp_sqrt                            0x080046c9   Thumb Code   122  sqrt.o(i.__hardfp_sqrt)
    __kernel_poly                            0x08004743   Thumb Code   248  poly.o(i.__kernel_poly)
    __mathlib_dbl_infnan                     0x0800483b   Thumb Code    20  dunder.o(i.__mathlib_dbl_infnan)
    __mathlib_dbl_infnan2                    0x0800484f   Thumb Code    20  dunder.o(i.__mathlib_dbl_infnan2)
    __mathlib_dbl_invalid                    0x08004869   Thumb Code    24  dunder.o(i.__mathlib_dbl_invalid)
    __mathlib_dbl_underflow                  0x08004889   Thumb Code    24  dunder.o(i.__mathlib_dbl_underflow)
    _is_digit                                0x080048a9   Thumb Code    14  __printf_wp.o(i._is_digit)
    _sys_exit                                0x080048b7   Thumb Code     4  usart.o(i._sys_exit)
    atan                                     0x080048bb   Thumb Code    16  atan.o(i.atan)
    calibrate                                0x080048cd   Thumb Code    98  mpu9250.o(i.calibrate)
    delay_init                               0x0800493d   Thumb Code    56  delay.o(i.delay_init)
    delay_ms                                 0x0800497d   Thumb Code    56  delay.o(i.delay_ms)
    delay_us                                 0x080049b5   Thumb Code    56  delay.o(i.delay_us)
    delay_xms                                0x080049f1   Thumb Code    56  delay.o(i.delay_xms)
    fabs                                     0x08004a2d   Thumb Code    24  fabs.o(i.fabs)
    fputc                                    0x08004a45   Thumb Code    22  usart.o(i.fputc)
    invSqrt                                  0x08004a61   Thumb Code    64  test.o(i.invSqrt)
    main                                     0x08004aa5   Thumb Code   330  test.o(i.main)
    sqrt                                     0x08004c31   Thumb Code   110  sqrt.o(i.sqrt)
    uart_init                                0x08004ca1   Thumb Code   240  usart.o(i.uart_init)
    _get_lc_numeric                          0x08004da1   Thumb Code    44  lc_numeric_c.o(locale$$code)
    __aeabi_dneg                             0x08004dcd   Thumb Code     0  basic.o(x$fpl$basic)
    _dneg                                    0x08004dcd   Thumb Code     6  basic.o(x$fpl$basic)
    __aeabi_fneg                             0x08004dd3   Thumb Code     0  basic.o(x$fpl$basic)
    _fneg                                    0x08004dd3   Thumb Code     6  basic.o(x$fpl$basic)
    _dabs                                    0x08004dd9   Thumb Code     6  basic.o(x$fpl$basic)
    _fabs                                    0x08004ddf   Thumb Code     6  basic.o(x$fpl$basic)
    __aeabi_d2f                              0x08004de5   Thumb Code     0  d2f.o(x$fpl$d2f)
    _d2f                                     0x08004de5   Thumb Code    98  d2f.o(x$fpl$d2f)
    __aeabi_dadd                             0x08004e49   Thumb Code     0  daddsub_clz.o(x$fpl$dadd)
    _dadd                                    0x08004e49   Thumb Code   332  daddsub_clz.o(x$fpl$dadd)
    __aeabi_ddiv                             0x08004f99   Thumb Code     0  ddiv.o(x$fpl$ddiv)
    _ddiv                                    0x08004f99   Thumb Code   552  ddiv.o(x$fpl$ddiv)
    __aeabi_d2iz                             0x08005249   Thumb Code     0  dfix.o(x$fpl$dfix)
    _dfix                                    0x08005249   Thumb Code    94  dfix.o(x$fpl$dfix)
    __aeabi_i2d                              0x080052a7   Thumb Code     0  dflt_clz.o(x$fpl$dflt)
    _dflt                                    0x080052a7   Thumb Code    46  dflt_clz.o(x$fpl$dflt)
    __aeabi_dmul                             0x080052d5   Thumb Code     0  dmul.o(x$fpl$dmul)
    _dmul                                    0x080052d5   Thumb Code   332  dmul.o(x$fpl$dmul)
    __fpl_dnaninf                            0x08005429   Thumb Code   156  dnaninf.o(x$fpl$dnaninf)
    __fpl_dretinf                            0x080054c5   Thumb Code    12  dretinf.o(x$fpl$dretinf)
    __aeabi_drsub                            0x080054d1   Thumb Code     0  daddsub_clz.o(x$fpl$drsb)
    _drsb                                    0x080054d1   Thumb Code    22  daddsub_clz.o(x$fpl$drsb)
    _dsqrt                                   0x080054e9   Thumb Code   404  dsqrt_umaal.o(x$fpl$dsqrt)
    __aeabi_dsub                             0x08005681   Thumb Code     0  daddsub_clz.o(x$fpl$dsub)
    _dsub                                    0x08005681   Thumb Code   464  daddsub_clz.o(x$fpl$dsub)
    __aeabi_f2d                              0x08005855   Thumb Code     0  f2d.o(x$fpl$f2d)
    _f2d                                     0x08005855   Thumb Code    86  f2d.o(x$fpl$f2d)
    __fpl_fnaninf                            0x080058ab   Thumb Code   140  fnaninf.o(x$fpl$fnaninf)
    _fp_init                                 0x08005937   Thumb Code    10  fpinit.o(x$fpl$fpinit)
    __fplib_config_fpu_vfp                   0x0800593f   Thumb Code     0  fpinit.o(x$fpl$fpinit)
    __fplib_config_pureend_doubles           0x0800593f   Thumb Code     0  fpinit.o(x$fpl$fpinit)
    __fpl_fretinf                            0x08005941   Thumb Code    10  fretinf.o(x$fpl$fretinf)
    _printf_fp_dec                           0x0800594b   Thumb Code     4  printf1.o(x$fpl$printf1)
    __I$use$fp                               0x0800594e   Number         0  usenofp.o(x$fpl$usenofp)
    __mathlib_zero                           0x08005a48   Data           8  qnan.o(.constdata)
    Region$$Table$$Base                      0x08005ae4   Number         0  anon$$obj.o(Region$$Table)
    Region$$Table$$Limit                     0x08005b04   Number         0  anon$$obj.o(Region$$Table)
    __stdout                                 0x20000078   Data           4  usart.o(.data)
    USART_RX_STA                             0x2000007c   Data           2  usart.o(.data)
    gyro_offsetx                             0x20000080   Data           2  mpu9250.o(.data)
    gyro_offsety                             0x20000082   Data           2  mpu9250.o(.data)
    gyro_offsetz                             0x20000084   Data           2  mpu9250.o(.data)
    tmp1                                     0x20000088   Data           4  mpu9250.o(.data)
    tmp2                                     0x2000008c   Data           4  mpu9250.o(.data)
    tmp3                                     0x20000090   Data           4  mpu9250.o(.data)
    magoffsetx                               0x20000094   Data           4  mpu9250.o(.data)
    magoffsety                               0x20000098   Data           4  mpu9250.o(.data)
    magoffsetz                               0x2000009c   Data           4  mpu9250.o(.data)
    B                                        0x200000a0   Data          24  mpu9250.o(.data)
    accoffsetx                               0x200000b8   Data           4  mpu9250.o(.data)
    accoffsety                               0x200000bc   Data           4  mpu9250.o(.data)
    accoffsetz                               0x200000c0   Data           4  mpu9250.o(.data)
    accsensx                                 0x200000c4   Data           4  mpu9250.o(.data)
    accsensy                                 0x200000c8   Data           4  mpu9250.o(.data)
    accsensz                                 0x200000cc   Data           4  mpu9250.o(.data)
    accoldx                                  0x200000d0   Data           2  mpu9250.o(.data)
    accoldy                                  0x200000d2   Data           2  mpu9250.o(.data)
    accoldz                                  0x200000d4   Data           2  mpu9250.o(.data)
    magoldx                                  0x200000d6   Data           2  mpu9250.o(.data)
    magoldy                                  0x200000d8   Data           2  mpu9250.o(.data)
    magoldz                                  0x200000da   Data           2  mpu9250.o(.data)
    gyrooldx                                 0x200000dc   Data           2  mpu9250.o(.data)
    gyrooldy                                 0x200000de   Data           2  mpu9250.o(.data)
    gyrooldz                                 0x200000e0   Data           2  mpu9250.o(.data)
    USART_RX_BUF                             0x200000e4   Data         200  usart.o(.bss)
    __libspace_start                         0x200001ac   Data          96  libspace.o(.bss)
    __temporary_stack_top$libspace           0x2000020c   Data           0  libspace.o(.bss)



==============================================================================

Memory Map of the image

  Image Entry point : 0x08000189

  Load Region LR_IROM1 (Base: 0x08000000, Size: 0x00005c04, Max: 0x00100000, ABSOLUTE)

    Execution Region ER_IROM1 (Base: 0x08000000, Size: 0x00005b20, Max: 0x00100000, ABSOLUTE)

    Base Addr    Size         Type   Attr      Idx    E Section Name        Object

    0x08000000   0x00000188   Data   RO            3    RESET               startup_stm32f40_41xxx.o
    0x08000188   0x00000008   Code   RO          510  * !!!main             c_w.l(__main.o)
    0x08000190   0x00000034   Code   RO          847    !!!scatter          c_w.l(__scatter.o)
    0x080001c4   0x0000001a   Code   RO          849    !!handler_copy      c_w.l(__scatter_copy.o)
    0x080001de   0x00000002   PAD
    0x080001e0   0x0000001c   Code   RO          851    !!handler_zi        c_w.l(__scatter_zi.o)
    0x080001fc   0x00000000   Code   RO          507    .ARM.Collect$$_printf_percent$$00000000  c_w.l(_printf_percent.o)
    0x080001fc   0x00000006   Code   RO          506    .ARM.Collect$$_printf_percent$$00000003  c_w.l(_printf_f.o)
    0x08000202   0x00000004   Code   RO          587    .ARM.Collect$$_printf_percent$$00000017  c_w.l(_printf_percent_end.o)
    0x08000206   0x00000002   Code   RO          725    .ARM.Collect$$libinit$$00000000  c_w.l(libinit.o)
    0x08000208   0x00000004   Code   RO          726    .ARM.Collect$$libinit$$00000001  c_w.l(libinit2.o)
    0x0800020c   0x00000000   Code   RO          729    .ARM.Collect$$libinit$$00000004  c_w.l(libinit2.o)
    0x0800020c   0x00000000   Code   RO          732    .ARM.Collect$$libinit$$0000000A  c_w.l(libinit2.o)
    0x0800020c   0x00000000   Code   RO          734    .ARM.Collect$$libinit$$0000000C  c_w.l(libinit2.o)
    0x0800020c   0x00000000   Code   RO          736    .ARM.Collect$$libinit$$0000000E  c_w.l(libinit2.o)
    0x0800020c   0x00000006   Code   RO          737    .ARM.Collect$$libinit$$0000000F  c_w.l(libinit2.o)
    0x08000212   0x00000000   Code   RO          739    .ARM.Collect$$libinit$$00000011  c_w.l(libinit2.o)
    0x08000212   0x00000000   Code   RO          741    .ARM.Collect$$libinit$$00000013  c_w.l(libinit2.o)
    0x08000212   0x00000000   Code   RO          743    .ARM.Collect$$libinit$$00000015  c_w.l(libinit2.o)
    0x08000212   0x0000000a   Code   RO          744    .ARM.Collect$$libinit$$00000016  c_w.l(libinit2.o)
    0x0800021c   0x00000000   Code   RO          745    .ARM.Collect$$libinit$$00000017  c_w.l(libinit2.o)
    0x0800021c   0x00000000   Code   RO          747    .ARM.Collect$$libinit$$00000019  c_w.l(libinit2.o)
    0x0800021c   0x00000000   Code   RO          749    .ARM.Collect$$libinit$$0000001B  c_w.l(libinit2.o)
    0x0800021c   0x00000000   Code   RO          751    .ARM.Collect$$libinit$$0000001D  c_w.l(libinit2.o)
    0x0800021c   0x00000000   Code   RO          753    .ARM.Collect$$libinit$$0000001F  c_w.l(libinit2.o)
    0x0800021c   0x00000000   Code   RO          755    .ARM.Collect$$libinit$$00000021  c_w.l(libinit2.o)
    0x0800021c   0x00000000   Code   RO          757    .ARM.Collect$$libinit$$00000023  c_w.l(libinit2.o)
    0x0800021c   0x00000000   Code   RO          759    .ARM.Collect$$libinit$$00000025  c_w.l(libinit2.o)
    0x0800021c   0x00000000   Code   RO          763    .ARM.Collect$$libinit$$0000002C  c_w.l(libinit2.o)
    0x0800021c   0x00000000   Code   RO          765    .ARM.Collect$$libinit$$0000002E  c_w.l(libinit2.o)
    0x0800021c   0x00000000   Code   RO          767    .ARM.Collect$$libinit$$00000030  c_w.l(libinit2.o)
    0x0800021c   0x00000000   Code   RO          769    .ARM.Collect$$libinit$$00000032  c_w.l(libinit2.o)
    0x0800021c   0x00000002   Code   RO          770    .ARM.Collect$$libinit$$00000033  c_w.l(libinit2.o)
    0x0800021e   0x00000002   Code   RO          798    .ARM.Collect$$libshutdown$$00000000  c_w.l(libshutdown.o)
    0x08000220   0x00000000   Code   RO          808    .ARM.Collect$$libshutdown$$00000003  c_w.l(libshutdown2.o)
    0x08000220   0x00000000   Code   RO          811    .ARM.Collect$$libshutdown$$00000006  c_w.l(libshutdown2.o)
    0x08000220   0x00000000   Code   RO          814    .ARM.Collect$$libshutdown$$00000009  c_w.l(libshutdown2.o)
    0x08000220   0x00000000   Code   RO          816    .ARM.Collect$$libshutdown$$0000000B  c_w.l(libshutdown2.o)
    0x08000220   0x00000000   Code   RO          819    .ARM.Collect$$libshutdown$$0000000E  c_w.l(libshutdown2.o)
    0x08000220   0x00000002   Code   RO          820    .ARM.Collect$$libshutdown$$0000000F  c_w.l(libshutdown2.o)
    0x08000222   0x00000000   Code   RO          580    .ARM.Collect$$rtentry$$00000000  c_w.l(__rtentry.o)
    0x08000222   0x00000000   Code   RO          643    .ARM.Collect$$rtentry$$00000002  c_w.l(__rtentry2.o)
    0x08000222   0x00000006   Code   RO          655    .ARM.Collect$$rtentry$$00000004  c_w.l(__rtentry4.o)
    0x08000228   0x00000000   Code   RO          645    .ARM.Collect$$rtentry$$00000009  c_w.l(__rtentry2.o)
    0x08000228   0x00000004   Code   RO          646    .ARM.Collect$$rtentry$$0000000A  c_w.l(__rtentry2.o)
    0x0800022c   0x00000000   Code   RO          648    .ARM.Collect$$rtentry$$0000000C  c_w.l(__rtentry2.o)
    0x0800022c   0x00000008   Code   RO          649    .ARM.Collect$$rtentry$$0000000D  c_w.l(__rtentry2.o)
    0x08000234   0x00000002   Code   RO          771    .ARM.Collect$$rtexit$$00000000  c_w.l(rtexit.o)
    0x08000236   0x00000000   Code   RO          778    .ARM.Collect$$rtexit$$00000002  c_w.l(rtexit2.o)
    0x08000236   0x00000004   Code   RO          779    .ARM.Collect$$rtexit$$00000003  c_w.l(rtexit2.o)
    0x0800023a   0x00000006   Code   RO          780    .ARM.Collect$$rtexit$$00000004  c_w.l(rtexit2.o)
    0x08000240   0x00000044   Code   RO            4    .text               startup_stm32f40_41xxx.o
    0x08000284   0x00000002   Code   RO          478    .text               c_w.l(use_no_semi_2.o)
    0x08000286   0x00000002   PAD
    0x08000288   0x00000018   Code   RO          482    .text               c_w.l(noretval__2printf.o)
    0x080002a0   0x00000138   Code   RO          498    .text               c_w.l(__printf_flags_wp.o)
    0x080003d8   0x00000006   Code   RO          508    .text               c_w.l(heapauxi.o)
    0x080003de   0x00000002   Code   RO          578    .text               c_w.l(use_no_semi.o)
    0x080003e0   0x00000016   Code   RO          581    .text               c_w.l(_rserrno.o)
    0x080003f6   0x0000041a   Code   RO          583    .text               c_w.l(_printf_fp_dec.o)
    0x08000810   0x00000024   Code   RO          585    .text               c_w.l(_printf_char_file.o)
    0x08000834   0x00000008   Code   RO          660    .text               c_w.l(rt_locale_intlibspace.o)
    0x0800083c   0x00000008   Code   RO          665    .text               c_w.l(rt_errno_addr_intlibspace.o)
    0x08000844   0x0000008a   Code   RO          667    .text               c_w.l(lludiv10.o)
    0x080008ce   0x00000002   PAD
    0x080008d0   0x00000030   Code   RO          669    .text               c_w.l(_printf_char_common.o)
    0x08000900   0x00000080   Code   RO          671    .text               c_w.l(_printf_fp_infnan.o)
    0x08000980   0x000000dc   Code   RO          673    .text               c_w.l(bigflt0.o)
    0x08000a5c   0x00000008   Code   RO          698    .text               c_w.l(ferror.o)
    0x08000a64   0x00000008   Code   RO          709    .text               c_w.l(libspace.o)
    0x08000a6c   0x0000004a   Code   RO          712    .text               c_w.l(sys_stackheap_outer.o)
    0x08000ab6   0x0000000c   Code   RO          716    .text               c_w.l(exit.o)
    0x08000ac2   0x00000002   PAD
    0x08000ac4   0x00000080   Code   RO          718    .text               c_w.l(strcmpv7m.o)
    0x08000b44   0x0000003e   Code   RO          676    CL$$btod_d2e        c_w.l(btod.o)
    0x08000b82   0x00000046   Code   RO          678    CL$$btod_d2e_denorm_low  c_w.l(btod.o)
    0x08000bc8   0x00000060   Code   RO          677    CL$$btod_d2e_norm_op1  c_w.l(btod.o)
    0x08000c28   0x00000338   Code   RO          686    CL$$btod_div_common  c_w.l(btod.o)
    0x08000f60   0x000000c6   Code   RO          683    CL$$btod_e2e        c_w.l(btod.o)
    0x08001026   0x00000028   Code   RO          680    CL$$btod_ediv       c_w.l(btod.o)
    0x0800104e   0x00000028   Code   RO          679    CL$$btod_emul       c_w.l(btod.o)
    0x08001076   0x00000244   Code   RO          685    CL$$btod_mult_common  c_w.l(btod.o)
    0x080012ba   0x00000002   PAD
    0x080012bc   0x0000183c   Code   RO           12    i.AHRSupdate        test.o
    0x08002af8   0x00000058   Code   RO           13    i.CalYaw            test.o
    0x08002b50   0x0000011c   Code   RO           14    i.CalibrateToZero   test.o
    0x08002c6c   0x00000064   Code   RO           15    i.CountTurns        test.o
    0x08002cd0   0x00000040   Code   RO          151    i.GPIO_AF_Set       sys.o
    0x08002d10   0x000000de   Code   RO          152    i.GPIO_Set          sys.o
    0x08002dee   0x00000002   PAD
    0x08002df0   0x00000050   Code   RO          294    i.IIC_Ack           myiic.o
    0x08002e40   0x00000040   Code   RO          295    i.IIC_Init          myiic.o
    0x08002e80   0x00000050   Code   RO          296    i.IIC_NAck          myiic.o
    0x08002ed0   0x0000006c   Code   RO          297    i.IIC_Read_Byte     myiic.o
    0x08002f3c   0x00000068   Code   RO          298    i.IIC_Send_Byte     myiic.o
    0x08002fa4   0x00000054   Code   RO          299    i.IIC_Start         myiic.o
    0x08002ff8   0x0000004c   Code   RO          300    i.IIC_Stop          myiic.o
    0x08003044   0x00000060   Code   RO          301    i.IIC_Wait_Ack      myiic.o
    0x080030a4   0x0000017c   Code   RO          359    i.MPU_Get_Accel     mpu9250.o
    0x08003220   0x00000180   Code   RO          360    i.MPU_Get_Accelerometer  mpu9250.o
    0x080033a0   0x000000cc   Code   RO          361    i.MPU_Get_Gyro      mpu9250.o
    0x0800346c   0x00000194   Code   RO          362    i.MPU_Get_Gyroscope  mpu9250.o
    0x08003600   0x000001d4   Code   RO          363    i.MPU_Get_Mag       mpu9250.o
    0x080037d4   0x00000188   Code   RO          364    i.MPU_Get_Magnetometer  mpu9250.o
    0x0800395c   0x000000c4   Code   RO          366    i.MPU_Init          mpu9250.o
    0x08003a20   0x00000048   Code   RO          367    i.MPU_Read_Byte     mpu9250.o
    0x08003a68   0x00000074   Code   RO          368    i.MPU_Read_Len      mpu9250.o
    0x08003adc   0x00000012   Code   RO          369    i.MPU_Set_Accel_Fsr  mpu9250.o
    0x08003aee   0x00000016   Code   RO          370    i.MPU_Set_Gyro_Fsr  mpu9250.o
    0x08003b04   0x0000003c   Code   RO          371    i.MPU_Set_LPF       mpu9250.o
    0x08003b40   0x0000003c   Code   RO          372    i.MPU_Set_Rate      mpu9250.o
    0x08003b7c   0x0000004c   Code   RO          373    i.MPU_Write_Byte    mpu9250.o
    0x08003bc8   0x00000078   Code   RO          155    i.MY_NVIC_Init      sys.o
    0x08003c40   0x00000028   Code   RO          156    i.MY_NVIC_PriorityGroupConfig  sys.o
    0x08003c68   0x00000010   Code   RO          157    i.MY_NVIC_SetVectorTable  sys.o
    0x08003c78   0x00000068   Code   RO          158    i.Stm32_Clock_Init  sys.o
    0x08003ce0   0x0000010c   Code   RO          159    i.Sys_Clock_Set     sys.o
    0x08003dec   0x00000080   Code   RO          245    i.USART1_IRQHandler  usart.o
    0x08003e6c   0x00000030   Code   RO          637    i.__ARM_fpclassify  m_wm.l(fpclassify.o)
    0x08003e9c   0x00000004   PAD
    0x08003ea0   0x00000360   Code   RO          540    i.__hardfp_asin     m_wm.l(asin.o)
    0x08004200   0x000002d8   Code   RO          603    i.__hardfp_atan     m_wm.l(atan.o)
    0x080044d8   0x000001f0   Code   RO          554    i.__hardfp_atan2    m_wm.l(atan2.o)
    0x080046c8   0x0000007a   Code   RO          566    i.__hardfp_sqrt     m_wm.l(sqrt.o)
    0x08004742   0x000000f8   Code   RO          639    i.__kernel_poly     m_wm.l(poly.o)
    0x0800483a   0x00000014   Code   RO          618    i.__mathlib_dbl_infnan  m_wm.l(dunder.o)
    0x0800484e   0x00000014   Code   RO          619    i.__mathlib_dbl_infnan2  m_wm.l(dunder.o)
    0x08004862   0x00000006   PAD
    0x08004868   0x00000020   Code   RO          620    i.__mathlib_dbl_invalid  m_wm.l(dunder.o)
    0x08004888   0x00000020   Code   RO          623    i.__mathlib_dbl_underflow  m_wm.l(dunder.o)
    0x080048a8   0x0000000e   Code   RO          496    i._is_digit         c_w.l(__printf_wp.o)
    0x080048b6   0x00000004   Code   RO          246    i._sys_exit         usart.o
    0x080048ba   0x00000010   Code   RO          605    i.atan              m_wm.l(atan.o)
    0x080048ca   0x00000002   PAD
    0x080048cc   0x00000070   Code   RO          375    i.calibrate         mpu9250.o
    0x0800493c   0x00000040   Code   RO          109    i.delay_init        delay.o
    0x0800497c   0x00000038   Code   RO          110    i.delay_ms          delay.o
    0x080049b4   0x0000003c   Code   RO          111    i.delay_us          delay.o
    0x080049f0   0x0000003c   Code   RO          112    i.delay_xms         delay.o
    0x08004a2c   0x00000018   Code   RO          633    i.fabs              m_wm.l(fabs.o)
    0x08004a44   0x0000001c   Code   RO          247    i.fputc             usart.o
    0x08004a60   0x00000044   Code   RO           16    i.invSqrt           test.o
    0x08004aa4   0x0000018c   Code   RO           17    i.main              test.o
    0x08004c30   0x0000006e   Code   RO          568    i.sqrt              m_wm.l(sqrt.o)
    0x08004c9e   0x00000002   PAD
    0x08004ca0   0x00000100   Code   RO          248    i.uart_init         usart.o
    0x08004da0   0x0000002c   Code   RO          703    locale$$code        c_w.l(lc_numeric_c.o)
    0x08004dcc   0x00000018   Code   RO          588    x$fpl$basic         fz_wm.l(basic.o)
    0x08004de4   0x00000062   Code   RO          512    x$fpl$d2f           fz_wm.l(d2f.o)
    0x08004e46   0x00000002   PAD
    0x08004e48   0x00000150   Code   RO          514    x$fpl$dadd          fz_wm.l(daddsub_clz.o)
    0x08004f98   0x000002b0   Code   RO          521    x$fpl$ddiv          fz_wm.l(ddiv.o)
    0x08005248   0x0000005e   Code   RO          524    x$fpl$dfix          fz_wm.l(dfix.o)
    0x080052a6   0x0000002e   Code   RO          529    x$fpl$dflt          fz_wm.l(dflt_clz.o)
    0x080052d4   0x00000154   Code   RO          534    x$fpl$dmul          fz_wm.l(dmul.o)
    0x08005428   0x0000009c   Code   RO          592    x$fpl$dnaninf       fz_wm.l(dnaninf.o)
    0x080054c4   0x0000000c   Code   RO          594    x$fpl$dretinf       fz_wm.l(dretinf.o)
    0x080054d0   0x00000016   Code   RO          515    x$fpl$drsb          fz_wm.l(daddsub_clz.o)
    0x080054e6   0x00000002   PAD
    0x080054e8   0x00000198   Code   RO          596    x$fpl$dsqrt         fz_wm.l(dsqrt_umaal.o)
    0x08005680   0x000001d4   Code   RO          516    x$fpl$dsub          fz_wm.l(daddsub_clz.o)
    0x08005854   0x00000056   Code   RO          536    x$fpl$f2d           fz_wm.l(f2d.o)
    0x080058aa   0x0000008c   Code   RO          598    x$fpl$fnaninf       fz_wm.l(fnaninf.o)
    0x08005936   0x0000000a   Code   RO          775    x$fpl$fpinit        fz_wm.l(fpinit.o)
    0x08005940   0x0000000a   Code   RO          600    x$fpl$fretinf       fz_wm.l(fretinf.o)
    0x0800594a   0x00000004   Code   RO          538    x$fpl$printf1       fz_wm.l(printf1.o)
    0x0800594e   0x00000000   Code   RO          602    x$fpl$usenofp       fz_wm.l(usenofp.o)
    0x0800594e   0x00000011   Data   RO          499    .constdata          c_w.l(__printf_flags_wp.o)
    0x0800595f   0x00000001   PAD
    0x08005960   0x00000050   Data   RO          543    .constdata          m_wm.l(asin.o)
    0x080059b0   0x00000098   Data   RO          606    .constdata          m_wm.l(atan.o)
    0x08005a48   0x00000008   Data   RO          641    .constdata          m_wm.l(qnan.o)
    0x08005a50   0x00000094   Data   RO          674    .constdata          c_w.l(bigflt0.o)
    0x08005ae4   0x00000020   Data   RO          845    Region$$Table       anon$$obj.o
    0x08005b04   0x0000001c   Data   RO          702    locale$$data        c_w.l(lc_numeric_c.o)


    Execution Region RW_IRAM1 (Base: 0x20000000, Size: 0x00000610, Max: 0x00020000, ABSOLUTE)

    Base Addr    Size         Type   Attr      Idx    E Section Name        Object

    0x20000000   0x00000074   Data   RW           18    .data               test.o
    0x20000074   0x00000004   Data   RW          113    .data               delay.o
    0x20000078   0x00000006   Data   RW          250    .data               usart.o
    0x2000007e   0x00000002   PAD
    0x20000080   0x00000062   Data   RW          376    .data               mpu9250.o
    0x200000e2   0x00000002   PAD
    0x200000e4   0x000000c8   Zero   RW          249    .bss                usart.o
    0x200001ac   0x00000060   Zero   RW          710    .bss                c_w.l(libspace.o)
    0x2000020c   0x00000004   PAD
    0x20000210   0x00000000   Zero   RW            2    HEAP                startup_stm32f40_41xxx.o
    0x20000210   0x00000400   Zero   RW            1    STACK               startup_stm32f40_41xxx.o


==============================================================================

Image component sizes


      Code (inc. data)   RO Data    RW Data    ZI Data      Debug   Object Name

       240         16          0          4          0       2651   delay.o
      2964        188          0         98          0      12865   mpu9250.o
       692        114          0          0          0       4730   myiic.o
        68         24        392          0       1024        908   startup_stm32f40_41xxx.o
       834         44          0          0          0       5322   sys.o
      7140        418          0        116          0     238218   test.o
       416         34          0          6        200       4528   usart.o

    ----------------------------------------------------------------------
     12356        838        424        228       1224     269222   Object Totals
         0          0         32          0          0          0   (incl. Generated)
         2          0          0          4          0          0   (incl. Padding)

    ----------------------------------------------------------------------

      Code (inc. data)   RO Data    RW Data    ZI Data      Debug   Library Member Name

         8          0          0          0          0         68   __main.o
       312          4         17          0          0         92   __printf_flags_wp.o
        14          0          0          0          0         68   __printf_wp.o
         0          0          0          0          0          0   __rtentry.o
        12          0          0          0          0          0   __rtentry2.o
         6          0          0          0          0          0   __rtentry4.o
        52          8          0          0          0          0   __scatter.o
        26          0          0          0          0          0   __scatter_copy.o
        28          0          0          0          0          0   __scatter_zi.o
        48          6          0          0          0         96   _printf_char_common.o
        36          4          0          0          0         80   _printf_char_file.o
         6          0          0          0          0          0   _printf_f.o
      1050          0          0          0          0        216   _printf_fp_dec.o
       128         16          0          0          0         84   _printf_fp_infnan.o
         0          0          0          0          0          0   _printf_percent.o
         4          0          0          0          0          0   _printf_percent_end.o
        22          0          0          0          0        100   _rserrno.o
       220          4        148          0          0         96   bigflt0.o
      1910        128          0          0          0        672   btod.o
        12          0          0          0          0         72   exit.o
         8          0          0          0          0         68   ferror.o
         6          0          0          0          0        152   heapauxi.o
        44         10         28          0          0         76   lc_numeric_c.o
         2          0          0          0          0          0   libinit.o
        22          0          0          0          0          0   libinit2.o
         2          0          0          0          0          0   libshutdown.o
         2          0          0          0          0          0   libshutdown2.o
         8          4          0          0         96         68   libspace.o
       138          0          0          0          0         80   lludiv10.o
        24          4          0          0          0         84   noretval__2printf.o
         8          4          0          0          0         68   rt_errno_addr_intlibspace.o
         8          4          0          0          0         68   rt_locale_intlibspace.o
         2          0          0          0          0          0   rtexit.o
        10          0          0          0          0          0   rtexit2.o
       128          0          0          0          0         68   strcmpv7m.o
        74          0          0          0          0         80   sys_stackheap_outer.o
         2          0          0          0          0         68   use_no_semi.o
         2          0          0          0          0         68   use_no_semi_2.o
        24          0          0          0          0        164   basic.o
        98          4          0          0          0        140   d2f.o
       826         16          0          0          0        492   daddsub_clz.o
       688        140          0          0          0        256   ddiv.o
        94          4          0          0          0        140   dfix.o
        46          0          0          0          0        116   dflt_clz.o
       340         12          0          0          0        152   dmul.o
       156          4          0          0          0        140   dnaninf.o
        12          0          0          0          0        116   dretinf.o
       408         56          0          0          0        168   dsqrt_umaal.o
        86          4          0          0          0        132   f2d.o
       140          4          0          0          0        132   fnaninf.o
        10          0          0          0          0        116   fpinit.o
        10          0          0          0          0        116   fretinf.o
         4          0          0          0          0        116   printf1.o
         0          0          0          0          0          0   usenofp.o
       864         94         80          0          0        280   asin.o
       744        106        152          0          0        352   atan.o
       496         64          0          0          0        192   atan2.o
       104         16          0          0          0        496   dunder.o
        24          0          0          0          0        124   fabs.o
        48          0          0          0          0        124   fpclassify.o
       248          0          0          0          0        152   poly.o
         0          0          8          0          0          0   qnan.o
       232          0          0          0          0        296   sqrt.o

    ----------------------------------------------------------------------
     10114        720        434          0        100       7104   Library Totals
        28          0          1          0          4          0   (incl. Padding)

    ----------------------------------------------------------------------

      Code (inc. data)   RO Data    RW Data    ZI Data      Debug   Library Name

      4384        196        193          0         96       2592   c_w.l
      2942        244          0          0          0       2496   fz_wm.l
      2760        280        240          0          0       2016   m_wm.l

    ----------------------------------------------------------------------
     10114        720        434          0        100       7104   Library Totals

    ----------------------------------------------------------------------

==============================================================================


      Code (inc. data)   RO Data    RW Data    ZI Data      Debug   

     22470       1558        858        228       1324     268222   Grand Totals
     22470       1558        858        228       1324     268222   ELF Image Totals
     22470       1558        858        228          0          0   ROM Totals

==============================================================================

    Total RO  Size (Code + RO Data)                23328 (  22.78kB)
    Total RW  Size (RW Data + ZI Data)              1552 (   1.52kB)
    Total ROM Size (Code + RO Data + RW Data)      23556 (  23.00kB)

==============================================================================

